Archive member included to satisfy reference by file (symbol)

/usr/lib/gcc/arm-none-eabi/9.2.1/../../../arm-none-eabi/lib/thumb/v7-m/nofp/libstdc++.a(class_type_info.o)
                              CMakeFiles/ROS_CAR.elf.dir/Core/Src/mainpp.cpp.obj (vtable for __cxxabiv1::__class_type_info)
/usr/lib/gcc/arm-none-eabi/9.2.1/../../../arm-none-eabi/lib/thumb/v7-m/nofp/libstdc++.a(del_ops.o)
                              /usr/lib/gcc/arm-none-eabi/9.2.1/../../../arm-none-eabi/lib/thumb/v7-m/nofp/libstdc++.a(class_type_info.o) (operator delete(void*, unsigned int))
/usr/lib/gcc/arm-none-eabi/9.2.1/../../../arm-none-eabi/lib/thumb/v7-m/nofp/libstdc++.a(si_class_type_info.o)
                              CMakeFiles/ROS_CAR.elf.dir/Core/Src/mainpp.cpp.obj (vtable for __cxxabiv1::__si_class_type_info)
/usr/lib/gcc/arm-none-eabi/9.2.1/../../../arm-none-eabi/lib/thumb/v7-m/nofp/libstdc++.a(tinfo.o)
                              /usr/lib/gcc/arm-none-eabi/9.2.1/../../../arm-none-eabi/lib/thumb/v7-m/nofp/libstdc++.a(class_type_info.o) (std::type_info::~type_info())
/usr/lib/gcc/arm-none-eabi/9.2.1/../../../arm-none-eabi/lib/thumb/v7-m/nofp/libstdc++.a(del_op.o)
                              /usr/lib/gcc/arm-none-eabi/9.2.1/../../../arm-none-eabi/lib/thumb/v7-m/nofp/libstdc++.a(del_ops.o) (operator delete(void*))
/usr/lib/gcc/arm-none-eabi/9.2.1/thumb/v7-m/nofp/libgcc.a(_arm_muldf3.o)
                              CMakeFiles/ROS_CAR.elf.dir/RosLibs/duration.cpp.obj (__aeabi_dmul)
/usr/lib/gcc/arm-none-eabi/9.2.1/thumb/v7-m/nofp/libgcc.a(_arm_addsubdf3.o)
                              CMakeFiles/ROS_CAR.elf.dir/RosLibs/duration.cpp.obj (__aeabi_i2d)
/usr/lib/gcc/arm-none-eabi/9.2.1/thumb/v7-m/nofp/libgcc.a(_arm_fixdfsi.o)
                              CMakeFiles/ROS_CAR.elf.dir/RosLibs/duration.cpp.obj (__aeabi_d2iz)
/usr/lib/gcc/arm-none-eabi/9.2.1/thumb/v7-m/nofp/libgcc.a(unwind-arm.o)
                              CMakeFiles/ROS_CAR.elf.dir/Core/Src/mainpp.cpp.obj (__aeabi_unwind_cpp_pr0)
/usr/lib/gcc/arm-none-eabi/9.2.1/thumb/v7-m/nofp/libgcc.a(libunwind.o)
                              /usr/lib/gcc/arm-none-eabi/9.2.1/thumb/v7-m/nofp/libgcc.a(unwind-arm.o) (restore_core_regs)
/usr/lib/gcc/arm-none-eabi/9.2.1/thumb/v7-m/nofp/libgcc.a(pr-support.o)
                              /usr/lib/gcc/arm-none-eabi/9.2.1/thumb/v7-m/nofp/libgcc.a(unwind-arm.o) (__gnu_unwind_execute)
/usr/lib/gcc/arm-none-eabi/9.2.1/../../../arm-none-eabi/lib/thumb/v7-m/nofp/libg.a(lib_a-abort.o)
                              /usr/lib/gcc/arm-none-eabi/9.2.1/thumb/v7-m/nofp/libgcc.a(unwind-arm.o) (abort)
/usr/lib/gcc/arm-none-eabi/9.2.1/../../../arm-none-eabi/lib/thumb/v7-m/nofp/libg.a(lib_a-atexit.o)
                              /usr/lib/gcc/arm-none-eabi/9.2.1/../../../arm-none-eabi/lib/thumb/v7-m/nofp/crt0.o (atexit)
/usr/lib/gcc/arm-none-eabi/9.2.1/../../../arm-none-eabi/lib/thumb/v7-m/nofp/libg.a(lib_a-errno.o)
                              CMakeFiles/ROS_CAR.elf.dir/Core/Src/syscalls.c.obj (__errno)
/usr/lib/gcc/arm-none-eabi/9.2.1/../../../arm-none-eabi/lib/thumb/v7-m/nofp/libg.a(lib_a-exit.o)
                              /usr/lib/gcc/arm-none-eabi/9.2.1/../../../arm-none-eabi/lib/thumb/v7-m/nofp/crt0.o (exit)
/usr/lib/gcc/arm-none-eabi/9.2.1/../../../arm-none-eabi/lib/thumb/v7-m/nofp/libg.a(lib_a-fini.o)
                              /usr/lib/gcc/arm-none-eabi/9.2.1/../../../arm-none-eabi/lib/thumb/v7-m/nofp/crt0.o (__libc_fini_array)
/usr/lib/gcc/arm-none-eabi/9.2.1/../../../arm-none-eabi/lib/thumb/v7-m/nofp/libg.a(lib_a-impure.o)
                              /usr/lib/gcc/arm-none-eabi/9.2.1/../../../arm-none-eabi/lib/thumb/v7-m/nofp/libg.a(lib_a-exit.o) (_global_impure_ptr)
/usr/lib/gcc/arm-none-eabi/9.2.1/../../../arm-none-eabi/lib/thumb/v7-m/nofp/libg.a(lib_a-init.o)
                              /usr/lib/gcc/arm-none-eabi/9.2.1/../../../arm-none-eabi/lib/thumb/v7-m/nofp/crt0.o (__libc_init_array)
/usr/lib/gcc/arm-none-eabi/9.2.1/../../../arm-none-eabi/lib/thumb/v7-m/nofp/libg.a(lib_a-malloc.o)
                              /usr/lib/gcc/arm-none-eabi/9.2.1/../../../arm-none-eabi/lib/thumb/v7-m/nofp/libstdc++.a(del_op.o) (free)
/usr/lib/gcc/arm-none-eabi/9.2.1/../../../arm-none-eabi/lib/thumb/v7-m/nofp/libg.a(lib_a-mallocr.o)
                              /usr/lib/gcc/arm-none-eabi/9.2.1/../../../arm-none-eabi/lib/thumb/v7-m/nofp/libg.a(lib_a-malloc.o) (_malloc_r)
/usr/lib/gcc/arm-none-eabi/9.2.1/../../../arm-none-eabi/lib/thumb/v7-m/nofp/libg.a(lib_a-memcpy.o)
                              CMakeFiles/ROS_CAR.elf.dir/Core/Src/mainpp.cpp.obj (memcpy)
/usr/lib/gcc/arm-none-eabi/9.2.1/../../../arm-none-eabi/lib/thumb/v7-m/nofp/libg.a(lib_a-memset.o)
                              /usr/lib/gcc/arm-none-eabi/9.2.1/../../../arm-none-eabi/lib/thumb/v7-m/nofp/crt0.o (memset)
/usr/lib/gcc/arm-none-eabi/9.2.1/../../../arm-none-eabi/lib/thumb/v7-m/nofp/libg.a(lib_a-mlock.o)
[...]
Memory Configuration

Name             Origin             Length             Attributes
RAM              0x0000000020000000 0x0000000000005000 xrw
FLASH            0x0000000008000000 0x0000000000020000 xr
*default*        0x0000000000000000 0xffffffffffffffff

Linker script and memory map

LOAD /usr/lib/gcc/arm-none-eabi/9.2.1/thumb/v7-m/nofp/crti.o
LOAD /usr/lib/gcc/arm-none-eabi/9.2.1/thumb/v7-m/nofp/crtbegin.o
LOAD /usr/lib/gcc/arm-none-eabi/9.2.1/../../../arm-none-eabi/lib/thumb/v7-m/nofp/crt0.o
LOAD CMakeFiles/ROS_CAR.elf.dir/Core/Src/dma.c.obj
LOAD CMakeFiles/ROS_CAR.elf.dir/Core/Src/gpio.c.obj
LOAD CMakeFiles/ROS_CAR.elf.dir/Core/Src/main.c.obj
LOAD CMakeFiles/ROS_CAR.elf.dir/Core/Src/mainpp.cpp.obj
LOAD CMakeFiles/ROS_CAR.elf.dir/Core/Src/oled.c.obj
LOAD CMakeFiles/ROS_CAR.elf.dir/Core/Src/stm32f1xx_hal_msp.c.obj
LOAD CMakeFiles/ROS_CAR.elf.dir/Core/Src/stm32f1xx_it.c.obj
LOAD CMakeFiles/ROS_CAR.elf.dir/Core/Src/syscalls.c.obj
LOAD CMakeFiles/ROS_CAR.elf.dir/Core/Src/system_stm32f1xx.c.obj
LOAD CMakeFiles/ROS_CAR.elf.dir/Core/Src/tim.c.obj
LOAD CMakeFiles/ROS_CAR.elf.dir/Core/Src/usart.c.obj
LOAD CMakeFiles/ROS_CAR.elf.dir/Drivers/STM32F1xx_HAL_Driver/Src/stm32f1xx_hal.c.obj
LOAD CMakeFiles/ROS_CAR.elf.dir/Drivers/STM32F1xx_HAL_Driver/Src/stm32f1xx_hal_cortex.c.obj
LOAD CMakeFiles/ROS_CAR.elf.dir/Drivers/STM32F1xx_HAL_Driver/Src/stm32f1xx_hal_dma.c.obj
LOAD CMakeFiles/ROS_CAR.elf.dir/Drivers/STM32F1xx_HAL_Driver/Src/stm32f1xx_hal_exti.c.obj
LOAD CMakeFiles/ROS_CAR.elf.dir/Drivers/STM32F1xx_HAL_Driver/Src/stm32f1xx_hal_flash.c.obj
LOAD CMakeFiles/ROS_CAR.elf.dir/Drivers/STM32F1xx_HAL_Driver/Src/stm32f1xx_hal_flash_ex.c.obj
LOAD CMakeFiles/ROS_CAR.elf.dir/Drivers/STM32F1xx_HAL_Driver/Src/stm32f1xx_hal_gpio.c.obj
LOAD CMakeFiles/ROS_CAR.elf.dir/Drivers/STM32F1xx_HAL_Driver/Src/stm32f1xx_hal_gpio_ex.c.obj
LOAD CMakeFiles/ROS_CAR.elf.dir/Drivers/STM32F1xx_HAL_Driver/Src/stm32f1xx_hal_pwr.c.obj
LOAD CMakeFiles/ROS_CAR.elf.dir/Drivers/STM32F1xx_HAL_Driver/Src/stm32f1xx_hal_rcc.c.obj
LOAD CMakeFiles/ROS_CAR.elf.dir/Drivers/STM32F1xx_HAL_Driver/Src/stm32f1xx_hal_rcc_ex.c.obj
LOAD CMakeFiles/ROS_CAR.elf.dir/Drivers/STM32F1xx_HAL_Driver/Src/stm32f1xx_hal_tim.c.obj
LOAD CMakeFiles/ROS_CAR.elf.dir/Drivers/STM32F1xx_HAL_Driver/Src/stm32f1xx_hal_tim_ex.c.obj
LOAD CMakeFiles/ROS_CAR.elf.dir/Drivers/STM32F1xx_HAL_Driver/Src/stm32f1xx_hal_uart.c.obj
LOAD CMakeFiles/ROS_CAR.elf.dir/RosLibs/duration.cpp.obj
LOAD CMakeFiles/ROS_CAR.elf.dir/RosLibs/time.cpp.obj
LOAD CMakeFiles/ROS_CAR.elf.dir/startup/startup_stm32f103xb.s.obj
LOAD /usr/lib/gcc/arm-none-eabi/9.2.1/../../../arm-none-eabi/lib/thumb/v7-m/nofp/libstdc++.a
LOAD /usr/lib/gcc/arm-none-eabi/9.2.1/../../../arm-none-eabi/lib/thumb/v7-m/nofp/libm.a
START GROUP
LOAD /usr/lib/gcc/arm-none-eabi/9.2.1/thumb/v7-m/nofp/libgcc.a
LOAD /usr/lib/gcc/arm-none-eabi/9.2.1/../../../arm-none-eabi/lib/thumb/v7-m/nofp/libg.a
LOAD /usr/lib/gcc/arm-none-eabi/9.2.1/../../../arm-none-eabi/lib/thumb/v7-m/nofp/libc.a
END GROUP
LOAD /usr/lib/gcc/arm-none-eabi/9.2.1/thumb/v7-m/nofp/crtend.o
LOAD /usr/lib/gcc/arm-none-eabi/9.2.1/thumb/v7-m/nofp/crtn.o
                0x0000000020005000                _estack = 0x20005000
                0x0000000000000200                _Min_Heap_Size = 0x200
                0x0000000000000400                _Min_Stack_Size = 0x400

.isr_vector     0x0000000008000000      0x10c
                0x0000000008000000                . = ALIGN (0x4)
 *(.isr_vector)
 .isr_vector    0x0000000008000000      0x10c CMakeFiles/ROS_CAR.elf.dir/startup/startup_stm32f103xb.s.obj
                0x0000000008000000                g_pfnVectors
                0x000000000800010c                . = ALIGN (0x4)

.text           0x0000000008000110     0xbcd0
                0x0000000008000110                . = ALIGN (0x4)
 *(.text)
 .text          0x0000000008000110       0x88 /usr/lib/gcc/arm-none-eabi/9.2.1/thumb/v7-m/nofp/crtbegin.o
 .text          0x0000000008000198      0x378 /usr/lib/gcc/arm-none-eabi/9.2.1/thumb/v7-m/nofp/libgcc.a(_arm_addsubdf3.o)
                0x0000000008000198                __aeabi_drsub
                0x00000000080001a0                __aeabi_dsub
                0x00000000080001a0                __subdf3
                0x00000000080001a4                __adddf3
                0x00000000080001a4                __aeabi_dadd
                0x000000000800041c                __aeabi_ui2d
                0x000000000800041c                __floatunsidf
                0x000000000800043c                __floatsidf
                0x000000000800043c                __aeabi_i2d
                0x0000000008000460                __extendsfdf2
                0x0000000008000460                __aeabi_f2d
                0x00000000080004a4                __aeabi_ul2d
                0x00000000080004a4                __floatundidf
                0x00000000080004b4                __floatdidf
                0x00000000080004b4                __aeabi_l2d
 .text          0x0000000008000510       0x50 /usr/lib/gcc/arm-none-eabi/9.2.1/thumb/v7-m/nofp/libgcc.a(_arm_fixdfsi.o)
                0x0000000008000510                __fixdfsi
                0x0000000008000510                __aeabi_d2iz
 .text          0x0000000008000560      0x9a8 /usr/lib/gcc/arm-none-eabi/9.2.1/thumb/v7-m/nofp/libgcc.a(unwind-arm.o)
                0x0000000008000804                _Unwind_GetCFA
                0x0000000008000808                __gnu_Unwind_RaiseException
                0x0000000008000868                __gnu_Unwind_ForcedUnwind
                0x000000000800087c                __gnu_Unwind_Resume
                0x00000000080008c0                __gnu_Unwind_Resume_or_Rethrow
                0x00000000080008d4                _Unwind_Complete
                0x00000000080008d8                _Unwind_DeleteException
                0x00000000080008e4                _Unwind_VRS_Get
                0x000000000800092c                _Unwind_VRS_Set
                0x0000000008000978                __gnu_Unwind_Backtrace
                0x0000000008000c94                __aeabi_unwind_cpp_pr0
                0x0000000008000c98                __aeabi_unwind_cpp_pr1
                0x0000000008000c9c                __aeabi_unwind_cpp_pr2
                0x0000000008000ca0                _Unwind_VRS_Pop
 .text          0x0000000008000f08      0x1ac /usr/lib/gcc/arm-none-eabi/9.2.1/thumb/v7-m/nofp/libgcc.a(libunwind.o)
                0x0000000008000f08                __restore_core_regs
                0x0000000008000f08                restore_core_regs
                0x0000000008000f20                __gnu_Unwind_Restore_VFP
                0x0000000008000f28                __gnu_Unwind_Save_VFP
                0x0000000008000f30                __gnu_Unwind_Restore_VFP_D
                0x0000000008000f38                __gnu_Unwind_Save_VFP_D
                0x0000000008000f40                __gnu_Unwind_Restore_VFP_D_16_to_31
                0x0000000008000f48                __gnu_Unwind_Save_VFP_D_16_to_31
                0x0000000008000f50                __gnu_Unwind_Restore_WMMXD
                0x0000000008000f94                __gnu_Unwind_Save_WMMXD
                0x0000000008000fd8                __gnu_Unwind_Restore_WMMXC
                0x0000000008000fec                __gnu_Unwind_Save_WMMXC
                0x0000000008001000                ___Unwind_RaiseException
                0x0000000008001000                _Unwind_RaiseException
                0x0000000008001024                ___Unwind_Resume
                0x0000000008001024                _Unwind_Resume
                0x0000000008001048                _Unwind_Resume_or_Rethrow
                0x0000000008001048                ___Unwind_Resume_or_Rethrow
                0x000000000800106c                ___Unwind_ForcedUnwind
                0x000000000800106c                _Unwind_ForcedUnwind
                0x0000000008001090                _Unwind_Backtrace
                0x0000000008001090                ___Unwind_Backtrace
 .text          0x00000000080010b4      0x33c /usr/lib/gcc/arm-none-eabi/9.2.1/thumb/v7-m/nofp/libgcc.a(pr-support.o)
                0x000000000800110c                __gnu_unwind_execute
                0x00000000080013a8                __gnu_unwind_frame
                0x00000000080013d0                _Unwind_GetRegionStart
                0x00000000080013dc                _Unwind_GetLanguageSpecificData
 .text          0x00000000080013f0       0x10 /usr/lib/gcc/arm-none-eabi/9.2.1/../../../arm-none-eabi/lib/thumb/v7-m/nofp/libg.a(lib_a-abort.o)
                0x00000000080013f0                abort
 .text          0x0000000008001400        0xc /usr/lib/gcc/arm-none-eabi/9.2.1/../../../arm-none-eabi/lib/thumb/v7-m/nofp/libg.a(lib_a-atexit.o)
                0x0000000008001400                atexit
 .text          0x000000000800140c        0xc /usr/lib/gcc/arm-none-eabi/9.2.1/../../../arm-none-eabi/lib/thumb/v7-m/nofp/libg.a(lib_a-errno.o)
                0x000000000800140c                __errno
 .text          0x0000000008001418       0x34 /usr/lib/gcc/arm-none-eabi/9.2.1/../../../arm-none-eabi/lib/thumb/v7-m/nofp/libg.a(lib_a-fini.o)
                0x0000000008001418                __libc_fini_array
 .text          0x000000000800144c       0x48 /usr/lib/gcc/arm-none-eabi/9.2.1/../../../arm-none-eabi/lib/thumb/v7-m/nofp/libg.a(lib_a-init.o)
                0x000000000800144c                __libc_init_array
 .text          0x0000000008001494       0x20 /usr/lib/gcc/arm-none-eabi/9.2.1/../../../arm-none-eabi/lib/thumb/v7-m/nofp/libg.a(lib_a-malloc.o)
                0x0000000008001494                malloc
                0x00000000080014a4                free
 .text          0x00000000080014b4      0x548 /usr/lib/gcc/arm-none-eabi/9.2.1/../../../arm-none-eabi/lib/thumb/v7-m/nofp/libg.a(lib_a-mallocr.o)
                0x00000000080014b4                _malloc_r
 .text          0x00000000080019fc       0xec /usr/lib/gcc/arm-none-eabi/9.2.1/../../../arm-none-eabi/lib/thumb/v7-m/nofp/libg.a(lib_a-memcpy.o)
                0x00000000080019fc                memcpy
 .text          0x0000000008001ae8       0xa0 /usr/lib/gcc/arm-none-eabi/9.2.1/../../../arm-none-eabi/lib/thumb/v7-m/nofp/libg.a(lib_a-memset.o)
                0x0000000008001ae8                memset
 .text          0x0000000008001b88        0x8 /usr/lib/gcc/arm-none-eabi/9.2.1/../../../arm-none-eabi/lib/thumb/v7-m/nofp/libg.a(lib_a-mlock.o)
                0x0000000008001b88                __malloc_lock
                0x0000000008001b8c                __malloc_unlock
 .text          0x0000000008001b90       0x10 /usr/lib/gcc/arm-none-eabi/9.2.1/../../../arm-none-eabi/lib/thumb/v7-m/nofp/libg.a(lib_a-realloc.o)
                0x0000000008001b90                realloc
 .text          0x0000000008001ba0      0x37c /usr/lib/gcc/arm-none-eabi/9.2.1/../../../arm-none-eabi/lib/thumb/v7-m/nofp/libg.a(lib_a-reallocr.o)
                0x0000000008001ba0                _realloc_r
 .text          0x0000000008001f1c       0x24 /usr/lib/gcc/arm-none-eabi/9.2.1/../../../arm-none-eabi/lib/thumb/v7-m/nofp/libg.a(lib_a-sbrkr.o)
                0x0000000008001f1c                _sbrk_r
 .text          0x0000000008001f40      0x15c /usr/lib/gcc/arm-none-eabi/9.2.1/../../../arm-none-eabi/lib/thumb/v7-m/nofp/libg.a(lib_a-signal.o)
                0x0000000008001f68                _init_signal_r
                0x0000000008001f74                _signal_r
                0x0000000008001fac                _raise_r
                0x0000000008002004                __sigtramp_r
                0x0000000008002058                raise
                0x0000000008002068                signal
                0x0000000008002078                _init_signal
                0x000000000800208c                __sigtramp
 .text          0x000000000800209c       0x2c /usr/lib/gcc/arm-none-eabi/9.2.1/../../../arm-none-eabi/lib/thumb/v7-m/nofp/libg.a(lib_a-signalr.o)
                0x000000000800209c                _kill_r
                0x00000000080020c4                _getpid_r
 .text          0x00000000080020c8      0x108 /usr/lib/gcc/arm-none-eabi/9.2.1/../../../arm-none-eabi/lib/thumb/v7-m/nofp/libg.a(lib_a-snprintf.o)
                0x00000000080020c8                _snprintf_r
                0x0000000008002148                snprintf
 .text          0x00000000080021d0       0x80 /usr/lib/gcc/arm-none-eabi/9.2.1/../../../arm-none-eabi/lib/thumb/v7-m/nofp/libg.a(lib_a-sprintf.o)
                0x00000000080021d0                _sprintf_r
                0x000000000800220c                sprintf
 .text          0x0000000008002250      0x1bc /usr/lib/gcc/arm-none-eabi/9.2.1/../../../arm-none-eabi/lib/thumb/v7-m/nofp/libg.a(lib_a-strcmp.o)
                0x0000000008002250                strcmp
 .text          0x000000000800240c       0x5c /usr/lib/gcc/arm-none-eabi/9.2.1/../../../arm-none-eabi/lib/thumb/v7-m/nofp/libg.a(lib_a-strlen-stub.o)
                0x000000000800240c                strlen
 .text          0x0000000008002468     0x14d0 /usr/lib/gcc/arm-none-eabi/9.2.1/../../../arm-none-eabi/lib/thumb/v7-m/nofp/libg.a(lib_a-svfprintf.o)
                0x0000000008002468                _svfprintf_r
 .text          0x0000000008003938       0x64 /usr/lib/gcc/arm-none-eabi/9.2.1/../../../arm-none-eabi/lib/thumb/v7-m/nofp/libg.a(lib_a-__atexit.o)
                0x0000000008003938                __register_exitproc
 *fill*         0x000000000800399c        0x4 
 .text          0x00000000080039a0     0x1008 /usr/lib/gcc/arm-none-eabi/9.2.1/../../../arm-none-eabi/lib/thumb/v7-m/nofp/libg.a(lib_a-dtoa.o)
                0x0000000008003acc                _dtoa_r
 .text          0x00000000080049a8      0x294 /usr/lib/gcc/arm-none-eabi/9.2.1/../../../arm-none-eabi/lib/thumb/v7-m/nofp/libg.a(lib_a-freer.o)
                0x00000000080049a8                _malloc_trim_r
                0x0000000008004a48                _free_r
 .text          0x0000000008004c3c       0x14 /usr/lib/gcc/arm-none-eabi/9.2.1/../../../arm-none-eabi/lib/thumb/v7-m/nofp/libg.a(lib_a-localeconv.o)
                0x0000000008004c3c                __localeconv_l
                0x0000000008004c40                _localeconv_r
                0x0000000008004c48                localeconv
 .text          0x0000000008004c50       0x8c /usr/lib/gcc/arm-none-eabi/9.2.1/../../../arm-none-eabi/lib/thumb/v7-m/nofp/libg.a(lib_a-memchr-stub.o)
                0x0000000008004c50                memchr
 .text          0x0000000008004cdc       0xcc /usr/lib/gcc/arm-none-eabi/9.2.1/../../../arm-none-eabi/lib/thumb/v7-m/nofp/libg.a(lib_a-memmove.o)
                0x0000000008004cdc                memmove
 .text          0x0000000008004da8      0x97c /usr/lib/gcc/arm-none-eabi/9.2.1/../../../arm-none-eabi/lib/thumb/v7-m/nofp/libg.a(lib_a-mprec.o)
                0x0000000008004da8                _Balloc
                0x0000000008004df4                _Bfree
                0x0000000008004e08                __multadd
                0x0000000008004eb0                __s2b
                0x0000000008004f5c                __hi0bits
                0x0000000008004f9c                __lo0bits
                0x0000000008004ffc                __i2b
                0x0000000008005028                __multiply
                0x0000000008005174                __pow5mult
                0x000000000800520c                __lshift
                0x00000000080052d8                __mcmp
                0x0000000008005310                __mdiff
                0x0000000008005438                __ulp
                0x0000000008005478                __b2d
                0x0000000008005534                __d2b
                0x00000000080055f8                __ratio
                0x0000000008005650                _mprec_log10
                0x0000000008005688                __copybits
                0x00000000080056d0                __any_on
 .text          0x0000000008005724      0xb68 /usr/lib/gcc/arm-none-eabi/9.2.1/../../../arm-none-eabi/lib/thumb/v7-m/nofp/libg.a(lib_a-svfiprintf.o)
                0x0000000008005724                __ssprint_r
                0x000000000800581c                _svfiprintf_r
 .text          0x000000000800628c       0x48 /usr/lib/gcc/arm-none-eabi/9.2.1/../../../arm-none-eabi/lib/thumb/v7-m/nofp/libg.a(lib_a-assert.o)
                0x000000000800628c                __assert_func
                0x00000000080062c8                __assert
 .text          0x00000000080062d4       0x60 /usr/lib/gcc/arm-none-eabi/9.2.1/../../../arm-none-eabi/lib/thumb/v7-m/nofp/libg.a(lib_a-callocr.o)
                0x00000000080062d4                _calloc_r
 .text          0x0000000008006334       0x48 /usr/lib/gcc/arm-none-eabi/9.2.1/../../../arm-none-eabi/lib/thumb/v7-m/nofp/libg.a(lib_a-fiprintf.o)
                0x0000000008006334                _fiprintf_r
                0x0000000008006354                fiprintf
 .text          0x000000000800637c       0x5c /usr/lib/gcc/arm-none-eabi/9.2.1/../../../arm-none-eabi/lib/thumb/v7-m/nofp/libg.a(lib_a-locale.o)
                0x000000000800637c                _setlocale_r
                0x00000000080063bc                __locale_mb_cur_max
                0x00000000080063c8                setlocale
 .text          0x00000000080063d8       0x40 /usr/lib/gcc/arm-none-eabi/9.2.1/../../../arm-none-eabi/lib/thumb/v7-m/nofp/libg.a(lib_a-mbtowc_r.o)
                0x00000000080063d8                _mbtowc_r
                0x00000000080063ec                __ascii_mbtowc
 .text          0x0000000008006418      0xcf4 /usr/lib/gcc/arm-none-eabi/9.2.1/../../../arm-none-eabi/lib/thumb/v7-m/nofp/libg.a(lib_a-vfiprintf.o)
                0x0000000008006490                __sprint_r
                0x00000000080064a0                _vfiprintf_r
                0x0000000008007088                vfiprintf
 .text          0x000000000800710c       0x30 /usr/lib/gcc/arm-none-eabi/9.2.1/../../../arm-none-eabi/lib/thumb/v7-m/nofp/libg.a(lib_a-wctomb_r.o)
                0x000000000800710c                _wctomb_r
                0x0000000008007120                __ascii_wctomb
 .text          0x000000000800713c       0xcc /usr/lib/gcc/arm-none-eabi/9.2.1/../../../arm-none-eabi/lib/thumb/v7-m/nofp/libg.a(lib_a-wsetup.o)
                0x000000000800713c                __swsetup_r
 .text          0x0000000008007208      0x19c /usr/lib/gcc/arm-none-eabi/9.2.1/../../../arm-none-eabi/lib/thumb/v7-m/nofp/libg.a(lib_a-fflush.o)
                0x0000000008007208                __sflush_r
                0x000000000800734c                _fflush_r
                0x0000000008007380                fflush
 .text          0x00000000080073a4      0x1f4 /usr/lib/gcc/arm-none-eabi/9.2.1/../../../arm-none-eabi/lib/thumb/v7-m/nofp/libg.a(lib_a-findfp.o)
                0x00000000080073a8                _cleanup_r
                0x000000000800748c                __sfmoreglue
                0x00000000080074bc                __sfp
                0x0000000008007544                _cleanup
                0x0000000008007558                __sinit
                0x0000000008007560                __sfp_lock_acquire
                0x0000000008007564                __sfp_lock_release
                0x0000000008007568                __sinit_lock_acquire
                0x000000000800756c                __sinit_lock_release
                0x0000000008007570                __fp_lock_all
                0x0000000008007584                __fp_unlock_all
 .text          0x0000000008007598      0x104 /usr/lib/gcc/arm-none-eabi/9.2.1/../../../arm-none-eabi/lib/thumb/v7-m/nofp/libg.a(lib_a-fputwc.o)
                0x0000000008007598                __fputwc
                0x0000000008007638                _fputwc_r
                0x000000000800765c                fputwc
 .text          0x000000000800769c      0x300 /usr/lib/gcc/arm-none-eabi/9.2.1/../../../arm-none-eabi/lib/thumb/v7-m/nofp/libg.a(lib_a-fvwrite.o)
                0x000000000800769c                __sfvwrite_r
 .text          0x000000000800799c       0x98 /usr/lib/gcc/arm-none-eabi/9.2.1/../../../arm-none-eabi/lib/thumb/v7-m/nofp/libg.a(lib_a-fwalk.o)
                0x000000000800799c                _fwalk
                0x00000000080079e4                _fwalk_reent
 .text          0x0000000008007a34       0xf0 /usr/lib/gcc/arm-none-eabi/9.2.1/../../../arm-none-eabi/lib/thumb/v7-m/nofp/libg.a(lib_a-makebuf.o)
                0x0000000008007a34                __swhatbuf_r
                0x0000000008007a90                __smakebuf_r
 .text          0x0000000008007b24       0x90 /usr/lib/gcc/arm-none-eabi/9.2.1/../../../arm-none-eabi/lib/thumb/v7-m/nofp/libg.a(lib_a-stdio.o)
                0x0000000008007b24                __sread
                0x0000000008007b48                __seofread
                0x0000000008007b4c                __swrite
                0x0000000008007b8c                __sseek
                0x0000000008007bac                __sclose
 .text          0x0000000008007bb4       0xc0 /usr/lib/gcc/arm-none-eabi/9.2.1/../../../arm-none-eabi/lib/thumb/v7-m/nofp/libg.a(lib_a-wbuf.o)
                0x0000000008007bb4                __swbuf_r
                0x0000000008007c64                __swbuf
 .text          0x0000000008007c74       0x7c /usr/lib/gcc/arm-none-eabi/9.2.1/../../../arm-none-eabi/lib/thumb/v7-m/nofp/libg.a(lib_a-wcrtomb.o)
                0x0000000008007c74                _wcrtomb_r
                0x0000000008007ca8                wcrtomb
 .text          0x0000000008007cf0       0x2c /usr/lib/gcc/arm-none-eabi/9.2.1/../../../arm-none-eabi/lib/thumb/v7-m/nofp/libg.a(lib_a-writer.o)
                0x0000000008007cf0                _write_r
 .text          0x0000000008007d1c       0x24 /usr/lib/gcc/arm-none-eabi/9.2.1/../../../arm-none-eabi/lib/thumb/v7-m/nofp/libg.a(lib_a-closer.o)
                0x0000000008007d1c                _close_r
 .text          0x0000000008007d40       0x98 /usr/lib/gcc/arm-none-eabi/9.2.1/../../../arm-none-eabi/lib/thumb/v7-m/nofp/libg.a(lib_a-fclose.o)
                0x0000000008007d40                _fclose_r
                0x0000000008007dc8                fclose
 .text          0x0000000008007dd8       0x28 /usr/lib/gcc/arm-none-eabi/9.2.1/../../../arm-none-eabi/lib/thumb/v7-m/nofp/libg.a(lib_a-fstatr.o)
                0x0000000008007dd8                _fstat_r
 .text          0x0000000008007e00       0x24 /usr/lib/gcc/arm-none-eabi/9.2.1/../../../arm-none-eabi/lib/thumb/v7-m/nofp/libg.a(lib_a-isattyr.o)
                0x0000000008007e00                _isatty_r
 .text          0x0000000008007e24       0x2c /usr/lib/gcc/arm-none-eabi/9.2.1/../../../arm-none-eabi/lib/thumb/v7-m/nofp/libg.a(lib_a-lseekr.o)
                0x0000000008007e24                _lseek_r
 .text          0x0000000008007e50       0x2c /usr/lib/gcc/arm-none-eabi/9.2.1/../../../arm-none-eabi/lib/thumb/v7-m/nofp/libg.a(lib_a-readr.o)
                0x0000000008007e50                _read_r
 .text          0x0000000008007e7c      0x424 /usr/lib/gcc/arm-none-eabi/9.2.1/thumb/v7-m/nofp/libgcc.a(_arm_muldivdf3.o)
                0x0000000008007e7c                __aeabi_dmul
                0x0000000008007e7c                __muldf3
                0x00000000080080d0                __aeabi_ddiv
                0x00000000080080d0                __divdf3
 .text          0x00000000080082a0      0x110 /usr/lib/gcc/arm-none-eabi/9.2.1/thumb/v7-m/nofp/libgcc.a(_arm_cmpdf2.o)
                0x00000000080082a0                __gtdf2
                0x00000000080082a0                __gedf2
                0x00000000080082a8                __ltdf2
                0x00000000080082a8                __ledf2
                0x00000000080082b0                __cmpdf2
                0x00000000080082b0                __eqdf2
                0x00000000080082b0                __nedf2
                0x000000000800832c                __aeabi_cdrcmple
                0x000000000800833c                __aeabi_cdcmple
                0x000000000800833c                __aeabi_cdcmpeq
                0x000000000800834c                __aeabi_dcmpeq
                0x0000000008008360                __aeabi_dcmplt
                0x0000000008008374                __aeabi_dcmple
                0x0000000008008388                __aeabi_dcmpge
                0x000000000800839c                __aeabi_dcmpgt
 .text          0x00000000080083b0       0x2c /usr/lib/gcc/arm-none-eabi/9.2.1/thumb/v7-m/nofp/libgcc.a(_arm_unorddf2.o)
                0x00000000080083b0                __aeabi_dcmpun
                0x00000000080083b0                __unorddf2
 .text          0x00000000080083dc       0x30 /usr/lib/gcc/arm-none-eabi/9.2.1/thumb/v7-m/nofp/libgcc.a(_aeabi_uldivmod.o)
                0x00000000080083dc                __aeabi_uldivmod
 .text          0x000000000800840c      0x2c4 /usr/lib/gcc/arm-none-eabi/9.2.1/thumb/v7-m/nofp/libgcc.a(_udivmoddi4.o)
                0x000000000800840c                __udivmoddi4
 .text          0x00000000080086d0        0x4 /usr/lib/gcc/arm-none-eabi/9.2.1/thumb/v7-m/nofp/libgcc.a(_dvmd_tls.o)
                0x00000000080086d0                __aeabi_ldiv0
                0x00000000080086d0                __aeabi_idiv0
 *(.text*)
 .text.MX_DMA_Init
                0x00000000080086d4       0x44 CMakeFiles/ROS_CAR.elf.dir/Core/Src/dma.c.obj
                0x00000000080086d4                MX_DMA_Init
 .text.MX_GPIO_Init
                0x0000000008008718       0x9c CMakeFiles/ROS_CAR.elf.dir/Core/Src/gpio.c.obj
                0x0000000008008718                MX_GPIO_Init
 .text.Error_Handler
                0x00000000080087b4        0x4 CMakeFiles/ROS_CAR.elf.dir/Core/Src/main.c.obj
                0x00000000080087b4                Error_Handler
 .text.SystemClock_Config
                0x00000000080087b8       0x62 CMakeFiles/ROS_CAR.elf.dir/Core/Src/main.c.obj
                0x00000000080087b8                SystemClock_Config
 .text.main     0x000000000800881a       0x38 CMakeFiles/ROS_CAR.elf.dir/Core/Src/main.c.obj
                0x000000000800881a                main
 .text._ZNK8std_msgs4Time9serializeEPh
                0x0000000008008852       0x28 CMakeFiles/ROS_CAR.elf.dir/Core/Src/mainpp.cpp.obj
                0x0000000008008852                std_msgs::Time::serialize(unsigned char*) const
 .text._ZN8std_msgs4Time11deserializeEPh
                0x000000000800887a       0x3c CMakeFiles/ROS_CAR.elf.dir/Core/Src/mainpp.cpp.obj
                0x000000000800887a                std_msgs::Time::deserialize(unsigned char*)
 *fill*         0x00000000080088b6        0x2 
 .text._ZN8std_msgs4Time7getTypeEv
                0x00000000080088b8        0x8 CMakeFiles/ROS_CAR.elf.dir/Core/Src/mainpp.cpp.obj
                0x00000000080088b8                std_msgs::Time::getType()
 .text._ZN8std_msgs4Time6getMD5Ev
                0x00000000080088c0        0x8 CMakeFiles/ROS_CAR.elf.dir/Core/Src/mainpp.cpp.obj
                0x00000000080088c0                std_msgs::Time::getMD5()
 .text._ZN14rosserial_msgs9TopicInfo11deserializeEPh
                0x00000000080088c8       0x96 CMakeFiles/ROS_CAR.elf.dir/Core/Src/mainpp.cpp.obj
                0x00000000080088c8                rosserial_msgs::TopicInfo::deserialize(unsigned char*)
 *fill*         0x000000000800895e        0x2 
 .text._ZN14rosserial_msgs9TopicInfo7getTypeEv
                0x0000000008008960        0x8 CMakeFiles/ROS_CAR.elf.dir/Core/Src/mainpp.cpp.obj
                0x0000000008008960                rosserial_msgs::TopicInfo::getType()
 .text._ZN14rosserial_msgs9TopicInfo6getMD5Ev
                0x0000000008008968        0x8 CMakeFiles/ROS_CAR.elf.dir/Core/Src/mainpp.cpp.obj
                0x0000000008008968                rosserial_msgs::TopicInfo::getMD5()
 .text._ZN14rosserial_msgs3Log11deserializeEPh
                0x0000000008008970       0x2c CMakeFiles/ROS_CAR.elf.dir/Core/Src/mainpp.cpp.obj
                0x0000000008008970                rosserial_msgs::Log::deserialize(unsigned char*)
 .text._ZN14rosserial_msgs3Log7getTypeEv
                0x000000000800899c        0x8 CMakeFiles/ROS_CAR.elf.dir/Core/Src/mainpp.cpp.obj
                0x000000000800899c                rosserial_msgs::Log::getType()
 .text._ZN14rosserial_msgs3Log6getMD5Ev
                0x00000000080089a4        0x8 CMakeFiles/ROS_CAR.elf.dir/Core/Src/mainpp.cpp.obj
                0x00000000080089a4                rosserial_msgs::Log::getMD5()
 .text._ZN14rosserial_msgs20RequestParamResponse7getTypeEv
                0x00000000080089ac        0x8 CMakeFiles/ROS_CAR.elf.dir/Core/Src/mainpp.cpp.obj
                0x00000000080089ac                rosserial_msgs::RequestParamResponse::getType()
 .text._ZN14rosserial_msgs20RequestParamResponse6getMD5Ev
                0x00000000080089b4        0x8 CMakeFiles/ROS_CAR.elf.dir/Core/Src/mainpp.cpp.obj
                0x00000000080089b4                rosserial_msgs::RequestParamResponse::getMD5()
 .text._ZN8std_msgs6String11deserializeEPh
                0x00000000080089bc       0x26 CMakeFiles/ROS_CAR.elf.dir/Core/Src/mainpp.cpp.obj
                0x00000000080089bc                std_msgs::String::deserialize(unsigned char*)
 *fill*         0x00000000080089e2        0x2 
 .text._ZN8std_msgs6String7getTypeEv
                0x00000000080089e4        0x8 CMakeFiles/ROS_CAR.elf.dir/Core/Src/mainpp.cpp.obj
                0x00000000080089e4                std_msgs::String::getType()
 .text._ZN8std_msgs6String6getMD5Ev
                0x00000000080089ec        0x8 CMakeFiles/ROS_CAR.elf.dir/Core/Src/mainpp.cpp.obj
                0x00000000080089ec                std_msgs::String::getMD5()
 .text._Z41__static_initialization_and_destruction_0ii
                0x00000000080089f4      0x100 CMakeFiles/ROS_CAR.elf.dir/Core/Src/mainpp.cpp.obj
 .text._ZN3ros10SubscriberIN8std_msgs6StringEE8callbackEPh
                0x0000000008008af4       0x28 CMakeFiles/ROS_CAR.elf.dir/Core/Src/mainpp.cpp.obj
                0x0000000008008af4                ros::Subscriber<std_msgs::String>::callback(unsigned char*)
 .text._ZN3ros10SubscriberIN8std_msgs6StringEE15getEndpointTypeEv
                0x0000000008008b1c        0x4 CMakeFiles/ROS_CAR.elf.dir/Core/Src/mainpp.cpp.obj
                0x0000000008008b1c                ros::Subscriber<std_msgs::String>::getEndpointType()
 .text._ZN3ros10SubscriberIN8std_msgs6StringEE10getMsgTypeEv
                0x0000000008008b20        0x8 CMakeFiles/ROS_CAR.elf.dir/Core/Src/mainpp.cpp.obj
                0x0000000008008b20                ros::Subscriber<std_msgs::String>::getMsgType()
 .text._ZN3ros10SubscriberIN8std_msgs6StringEE9getMsgMD5Ev
                0x0000000008008b28        0x8 CMakeFiles/ROS_CAR.elf.dir/Core/Src/mainpp.cpp.obj
                0x0000000008008b28                ros::Subscriber<std_msgs::String>::getMsgMD5()
 .text._ZN3ros11NodeHandle_I13STM32HardwareLi25ELi25ELi512ELi512EE9connectedEv
                0x0000000008008b30        0x6 CMakeFiles/ROS_CAR.elf.dir/Core/Src/mainpp.cpp.obj
                0x0000000008008b30                ros::NodeHandle_<STM32Hardware, 25, 25, 512, 512>::connected()
 *fill*         0x0000000008008b36        0x2 
 .text._Z16command_callbackRKN8std_msgs6StringE
                0x0000000008008b38       0x34 CMakeFiles/ROS_CAR.elf.dir/Core/Src/mainpp.cpp.obj
                0x0000000008008b38                command_callback(std_msgs::String const&)
 .text._ZNK14rosserial_msgs9TopicInfo9serializeEPh
                0x0000000008008b6c       0x7a CMakeFiles/ROS_CAR.elf.dir/Core/Src/mainpp.cpp.obj
                0x0000000008008b6c                rosserial_msgs::TopicInfo::serialize(unsigned char*) const
 .text._ZNK14rosserial_msgs3Log9serializeEPh
                0x0000000008008be6       0x24 CMakeFiles/ROS_CAR.elf.dir/Core/Src/mainpp.cpp.obj
                0x0000000008008be6                rosserial_msgs::Log::serialize(unsigned char*) const
 .text._ZNK14rosserial_msgs20RequestParamResponse9serializeEPh
                0x0000000008008c0a       0xcc CMakeFiles/ROS_CAR.elf.dir/Core/Src/mainpp.cpp.obj
                0x0000000008008c0a                rosserial_msgs::RequestParamResponse::serialize(unsigned char*) const
 .text._ZNK8std_msgs6String9serializeEPh
                0x0000000008008cd6       0x20 CMakeFiles/ROS_CAR.elf.dir/Core/Src/mainpp.cpp.obj
                0x0000000008008cd6                std_msgs::String::serialize(unsigned char*) const
 *fill*         0x0000000008008cf6        0x2 
 .text._ZN3ros11NodeHandle_I13STM32HardwareLi25ELi25ELi512ELi512EE7publishEiPKNS_3MsgE
                0x0000000008008cf8      0x168 CMakeFiles/ROS_CAR.elf.dir/Core/Src/mainpp.cpp.obj
                0x0000000008008cf8                ros::NodeHandle_<STM32Hardware, 25, 25, 512, 512>::publish(int, ros::Msg const*)
 .text._ZN14rosserial_msgs20RequestParamResponse11deserializeEPh
                0x0000000008008e60       0xf4 CMakeFiles/ROS_CAR.elf.dir/Core/Src/mainpp.cpp.obj
                0x0000000008008e60                rosserial_msgs::RequestParamResponse::deserialize(unsigned char*)
 .text._ZN3ros11NodeHandle_I13STM32HardwareLi25ELi25ELi512ELi512EE8spinOnceEv
                0x0000000008008f54      0x508 CMakeFiles/ROS_CAR.elf.dir/Core/Src/mainpp.cpp.obj
                0x0000000008008f54                ros::NodeHandle_<STM32Hardware, 25, 25, 512, 512>::spinOnce()
 .text.HAL_UART_TxCpltCallback
                0x000000000800945c       0x6c CMakeFiles/ROS_CAR.elf.dir/Core/Src/mainpp.cpp.obj
                0x000000000800945c                HAL_UART_TxCpltCallback
 .text.HAL_UART_RxCpltCallback
                0x00000000080094c8       0x18 CMakeFiles/ROS_CAR.elf.dir/Core/Src/mainpp.cpp.obj
                0x00000000080094c8                HAL_UART_RxCpltCallback
 .text.setup    0x00000000080094e0       0x5c CMakeFiles/ROS_CAR.elf.dir/Core/Src/mainpp.cpp.obj
                0x00000000080094e0                setup
 .text.loop     0x000000000800953c      0x5e8 CMakeFiles/ROS_CAR.elf.dir/Core/Src/mainpp.cpp.obj
                0x000000000800953c                loop
 .text._GLOBAL__sub_I_nh
                0x0000000008009b24        0xe CMakeFiles/ROS_CAR.elf.dir/Core/Src/mainpp.cpp.obj
 *fill*         0x0000000008009b32        0x2 
 .text.I2C_Start
                0x0000000008009b34       0x34 CMakeFiles/ROS_CAR.elf.dir/Core/Src/oled.c.obj
                0x0000000008009b34                I2C_Start
 .text.I2C_Stop
                0x0000000008009b68       0x28 CMakeFiles/ROS_CAR.elf.dir/Core/Src/oled.c.obj
                0x0000000008009b68                I2C_Stop
 .text.I2C_WaitAck
                0x0000000008009b90       0x20 CMakeFiles/ROS_CAR.elf.dir/Core/Src/oled.c.obj
                0x0000000008009b90                I2C_WaitAck
 .text.Send_Byte
                0x0000000008009bb0       0x58 CMakeFiles/ROS_CAR.elf.dir/Core/Src/oled.c.obj
                0x0000000008009bb0                Send_Byte
 .text.OLED_WR_Byte
                0x0000000008009c08       0x38 CMakeFiles/ROS_CAR.elf.dir/Core/Src/oled.c.obj
                0x0000000008009c08                OLED_WR_Byte
 .text.OLED_ColorTurn
                0x0000000008009c40       0x20 CMakeFiles/ROS_CAR.elf.dir/Core/Src/oled.c.obj
                0x0000000008009c40                OLED_ColorTurn
 .text.OLED_DisplayTurn
                0x0000000008009c60       0x30 CMakeFiles/ROS_CAR.elf.dir/Core/Src/oled.c.obj
                0x0000000008009c60                OLED_DisplayTurn
 .text.OLED_Refresh
                0x0000000008009c90       0x4c CMakeFiles/ROS_CAR.elf.dir/Core/Src/oled.c.obj
                0x0000000008009c90                OLED_Refresh
 .text.OLED_Clear
                0x0000000008009cdc       0x30 CMakeFiles/ROS_CAR.elf.dir/Core/Src/oled.c.obj
                0x0000000008009cdc                OLED_Clear
 .text.OLED_DrawPoint
                0x0000000008009d0c       0x24 CMakeFiles/ROS_CAR.elf.dir/Core/Src/oled.c.obj
                0x0000000008009d0c                OLED_DrawPoint
 .text.OLED_ClearPoint
                0x0000000008009d30       0x28 CMakeFiles/ROS_CAR.elf.dir/Core/Src/oled.c.obj
                0x0000000008009d30                OLED_ClearPoint
 .text.OLED_ShowChar
                0x0000000008009d58       0xc4 CMakeFiles/ROS_CAR.elf.dir/Core/Src/oled.c.obj
                0x0000000008009d58                OLED_ShowChar
 .text.OLED_ShowString
                0x0000000008009e1c       0x3c CMakeFiles/ROS_CAR.elf.dir/Core/Src/oled.c.obj
                0x0000000008009e1c                OLED_ShowString
 .text.OLED_Init
                0x0000000008009e58      0x120 CMakeFiles/ROS_CAR.elf.dir/Core/Src/oled.c.obj
                0x0000000008009e58                OLED_Init
 .text.HAL_MspInit
                0x0000000008009f78       0x44 CMakeFiles/ROS_CAR.elf.dir/Core/Src/stm32f1xx_hal_msp.c.obj
                0x0000000008009f78                HAL_MspInit
 .text.NMI_Handler
                0x0000000008009fbc        0x2 CMakeFiles/ROS_CAR.elf.dir/Core/Src/stm32f1xx_it.c.obj
                0x0000000008009fbc                NMI_Handler
 .text.HardFault_Handler
                0x0000000008009fbe        0x2 CMakeFiles/ROS_CAR.elf.dir/Core/Src/stm32f1xx_it.c.obj
                0x0000000008009fbe                HardFault_Handler
 .text.MemManage_Handler
                0x0000000008009fc0        0x2 CMakeFiles/ROS_CAR.elf.dir/Core/Src/stm32f1xx_it.c.obj
                0x0000000008009fc0                MemManage_Handler
 .text.BusFault_Handler
                0x0000000008009fc2        0x2 CMakeFiles/ROS_CAR.elf.dir/Core/Src/stm32f1xx_it.c.obj
                0x0000000008009fc2                BusFault_Handler
 .text.UsageFault_Handler
                0x0000000008009fc4        0x2 CMakeFiles/ROS_CAR.elf.dir/Core/Src/stm32f1xx_it.c.obj
                0x0000000008009fc4                UsageFault_Handler
 .text.SVC_Handler
                0x0000000008009fc6        0x2 CMakeFiles/ROS_CAR.elf.dir/Core/Src/stm32f1xx_it.c.obj
                0x0000000008009fc6                SVC_Handler
 .text.DebugMon_Handler
                0x0000000008009fc8        0x2 CMakeFiles/ROS_CAR.elf.dir/Core/Src/stm32f1xx_it.c.obj
                0x0000000008009fc8                DebugMon_Handler
 .text.PendSV_Handler
                0x0000000008009fca        0x2 CMakeFiles/ROS_CAR.elf.dir/Core/Src/stm32f1xx_it.c.obj
                0x0000000008009fca                PendSV_Handler
 .text.SysTick_Handler
                0x0000000008009fcc        0x8 CMakeFiles/ROS_CAR.elf.dir/Core/Src/stm32f1xx_it.c.obj
                0x0000000008009fcc                SysTick_Handler
 .text.DMA1_Channel4_IRQHandler
                0x0000000008009fd4       0x10 CMakeFiles/ROS_CAR.elf.dir/Core/Src/stm32f1xx_it.c.obj
                0x0000000008009fd4                DMA1_Channel4_IRQHandler
 .text.DMA1_Channel5_IRQHandler
                0x0000000008009fe4       0x10 CMakeFiles/ROS_CAR.elf.dir/Core/Src/stm32f1xx_it.c.obj
                0x0000000008009fe4                DMA1_Channel5_IRQHandler
 .text.USART1_IRQHandler
                0x0000000008009ff4       0x10 CMakeFiles/ROS_CAR.elf.dir/Core/Src/stm32f1xx_it.c.obj
                0x0000000008009ff4                USART1_IRQHandler
 .text._getpid  0x000000000800a004        0x4 CMakeFiles/ROS_CAR.elf.dir/Core/Src/syscalls.c.obj
                0x000000000800a004                _getpid
 .text._kill    0x000000000800a008       0x10 CMakeFiles/ROS_CAR.elf.dir/Core/Src/syscalls.c.obj
                0x000000000800a008                _kill
 .text._exit    0x000000000800a018        0xc CMakeFiles/ROS_CAR.elf.dir/Core/Src/syscalls.c.obj
                0x000000000800a018                _exit
 .text._read    0x000000000800a024       0x20 CMakeFiles/ROS_CAR.elf.dir/Core/Src/syscalls.c.obj
                0x000000000800a024                _read
 .text._write   0x000000000800a044       0x1c CMakeFiles/ROS_CAR.elf.dir/Core/Src/syscalls.c.obj
                0x000000000800a044                _write
 .text._sbrk    0x000000000800a060       0x3c CMakeFiles/ROS_CAR.elf.dir/Core/Src/syscalls.c.obj
                0x000000000800a060                _sbrk
 .text._close   0x000000000800a09c        0x6 CMakeFiles/ROS_CAR.elf.dir/Core/Src/syscalls.c.obj
                0x000000000800a09c                _close
 .text._fstat   0x000000000800a0a2        0xa CMakeFiles/ROS_CAR.elf.dir/Core/Src/syscalls.c.obj
                0x000000000800a0a2                _fstat
 .text._isatty  0x000000000800a0ac        0x4 CMakeFiles/ROS_CAR.elf.dir/Core/Src/syscalls.c.obj
                0x000000000800a0ac                _isatty
 .text._lseek   0x000000000800a0b0        0x4 CMakeFiles/ROS_CAR.elf.dir/Core/Src/syscalls.c.obj
                0x000000000800a0b0                _lseek
 .text.SystemInit
                0x000000000800a0b4        0x2 CMakeFiles/ROS_CAR.elf.dir/Core/Src/system_stm32f1xx.c.obj
                0x000000000800a0b4                SystemInit
 *fill*         0x000000000800a0b6        0x2 
 .text.MX_TIM1_Init
                0x000000000800a0b8       0x70 CMakeFiles/ROS_CAR.elf.dir/Core/Src/tim.c.obj
                0x000000000800a0b8                MX_TIM1_Init
 .text.HAL_TIM_Base_MspInit
                0x000000000800a128       0x2c CMakeFiles/ROS_CAR.elf.dir/Core/Src/tim.c.obj
                0x000000000800a128                HAL_TIM_Base_MspInit
 .text.MX_USART1_UART_Init
                0x000000000800a154       0x34 CMakeFiles/ROS_CAR.elf.dir/Core/Src/usart.c.obj
                0x000000000800a154                MX_USART1_UART_Init
 .text.HAL_UART_MspInit
                0x000000000800a188       0xf0 CMakeFiles/ROS_CAR.elf.dir/Core/Src/usart.c.obj
                0x000000000800a188                HAL_UART_MspInit
 .text.HAL_InitTick
                0x000000000800a278       0x4c CMakeFiles/ROS_CAR.elf.dir/Drivers/STM32F1xx_HAL_Driver/Src/stm32f1xx_hal.c.obj
                0x000000000800a278                HAL_InitTick
 .text.HAL_Init
                0x000000000800a2c4       0x24 CMakeFiles/ROS_CAR.elf.dir/Drivers/STM32F1xx_HAL_Driver/Src/stm32f1xx_hal.c.obj
                0x000000000800a2c4                HAL_Init
 .text.HAL_IncTick
                0x000000000800a2e8       0x18 CMakeFiles/ROS_CAR.elf.dir/Drivers/STM32F1xx_HAL_Driver/Src/stm32f1xx_hal.c.obj
                0x000000000800a2e8                HAL_IncTick
 .text.HAL_GetTick
                0x000000000800a300        0xc CMakeFiles/ROS_CAR.elf.dir/Drivers/STM32F1xx_HAL_Driver/Src/stm32f1xx_hal.c.obj
                0x000000000800a300                HAL_GetTick
 .text.HAL_Delay
                0x000000000800a30c       0x28 CMakeFiles/ROS_CAR.elf.dir/Drivers/STM32F1xx_HAL_Driver/Src/stm32f1xx_hal.c.obj
                0x000000000800a30c                HAL_Delay
 .text.HAL_NVIC_SetPriorityGrouping
                0x000000000800a334       0x24 CMakeFiles/ROS_CAR.elf.dir/Drivers/STM32F1xx_HAL_Driver/Src/stm32f1xx_hal_cortex.c.obj
                0x000000000800a334                HAL_NVIC_SetPriorityGrouping
 .text.HAL_NVIC_SetPriority
                0x000000000800a358       0x68 CMakeFiles/ROS_CAR.elf.dir/Drivers/STM32F1xx_HAL_Driver/Src/stm32f1xx_hal_cortex.c.obj
                0x000000000800a358                HAL_NVIC_SetPriority
 .text.HAL_NVIC_EnableIRQ
                0x000000000800a3c0       0x1c CMakeFiles/ROS_CAR.elf.dir/Drivers/STM32F1xx_HAL_Driver/Src/stm32f1xx_hal_cortex.c.obj
                0x000000000800a3c0                HAL_NVIC_EnableIRQ
 .text.HAL_SYSTICK_Config
                0x000000000800a3dc       0x2c CMakeFiles/ROS_CAR.elf.dir/Drivers/STM32F1xx_HAL_Driver/Src/stm32f1xx_hal_cortex.c.obj
                0x000000000800a3dc                HAL_SYSTICK_Config
 .text.DMA_SetConfig
                0x000000000800a408       0x2c CMakeFiles/ROS_CAR.elf.dir/Drivers/STM32F1xx_HAL_Driver/Src/stm32f1xx_hal_dma.c.obj
 .text.HAL_DMA_Init
                0x000000000800a434       0x6c CMakeFiles/ROS_CAR.elf.dir/Drivers/STM32F1xx_HAL_Driver/Src/stm32f1xx_hal_dma.c.obj
                0x000000000800a434                HAL_DMA_Init
 .text.HAL_DMA_Start_IT
                0x000000000800a4a0       0x76 CMakeFiles/ROS_CAR.elf.dir/Drivers/STM32F1xx_HAL_Driver/Src/stm32f1xx_hal_dma.c.obj
                0x000000000800a4a0                HAL_DMA_Start_IT
 .text.HAL_DMA_Abort
                0x000000000800a516       0x46 CMakeFiles/ROS_CAR.elf.dir/Drivers/STM32F1xx_HAL_Driver/Src/stm32f1xx_hal_dma.c.obj
                0x000000000800a516                HAL_DMA_Abort
 .text.HAL_DMA_Abort_IT
                0x000000000800a55c       0x98 CMakeFiles/ROS_CAR.elf.dir/Drivers/STM32F1xx_HAL_Driver/Src/stm32f1xx_hal_dma.c.obj
                0x000000000800a55c                HAL_DMA_Abort_IT
 .text.HAL_DMA_IRQHandler
                0x000000000800a5f4      0x144 CMakeFiles/ROS_CAR.elf.dir/Drivers/STM32F1xx_HAL_Driver/Src/stm32f1xx_hal_dma.c.obj
                0x000000000800a5f4                HAL_DMA_IRQHandler
 .text.HAL_GPIO_Init
                0x000000000800a738      0x220 CMakeFiles/ROS_CAR.elf.dir/Drivers/STM32F1xx_HAL_Driver/Src/stm32f1xx_hal_gpio.c.obj
                0x000000000800a738                HAL_GPIO_Init
 .text.HAL_GPIO_WritePin
                0x000000000800a958        0xc CMakeFiles/ROS_CAR.elf.dir/Drivers/STM32F1xx_HAL_Driver/Src/stm32f1xx_hal_gpio.c.obj
                0x000000000800a958                HAL_GPIO_WritePin
 .text.HAL_GPIO_TogglePin
                0x000000000800a964       0x12 CMakeFiles/ROS_CAR.elf.dir/Drivers/STM32F1xx_HAL_Driver/Src/stm32f1xx_hal_gpio.c.obj
                0x000000000800a964                HAL_GPIO_TogglePin
 *fill*         0x000000000800a976        0x2 
 .text.RCC_Delay
                0x000000000800a978       0x2c CMakeFiles/ROS_CAR.elf.dir/Drivers/STM32F1xx_HAL_Driver/Src/stm32f1xx_hal_rcc.c.obj
 .text.HAL_RCC_OscConfig
                0x000000000800a9a4      0x410 CMakeFiles/ROS_CAR.elf.dir/Drivers/STM32F1xx_HAL_Driver/Src/stm32f1xx_hal_rcc.c.obj
                0x000000000800a9a4                HAL_RCC_OscConfig
 .text.HAL_RCC_GetSysClockFreq
                0x000000000800adb4       0x54 CMakeFiles/ROS_CAR.elf.dir/Drivers/STM32F1xx_HAL_Driver/Src/stm32f1xx_hal_rcc.c.obj
                0x000000000800adb4                HAL_RCC_GetSysClockFreq
 .text.HAL_RCC_ClockConfig
                0x000000000800ae08      0x16c CMakeFiles/ROS_CAR.elf.dir/Drivers/STM32F1xx_HAL_Driver/Src/stm32f1xx_hal_rcc.c.obj
                0x000000000800ae08                HAL_RCC_ClockConfig
 .text.HAL_RCC_GetHCLKFreq
                0x000000000800af74        0xc CMakeFiles/ROS_CAR.elf.dir/Drivers/STM32F1xx_HAL_Driver/Src/stm32f1xx_hal_rcc.c.obj
                0x000000000800af74                HAL_RCC_GetHCLKFreq
 .text.HAL_RCC_GetPCLK1Freq
                0x000000000800af80       0x20 CMakeFiles/ROS_CAR.elf.dir/Drivers/STM32F1xx_HAL_Driver/Src/stm32f1xx_hal_rcc.c.obj
                0x000000000800af80                HAL_RCC_GetPCLK1Freq
 .text.HAL_RCC_GetPCLK2Freq
                0x000000000800afa0       0x20 CMakeFiles/ROS_CAR.elf.dir/Drivers/STM32F1xx_HAL_Driver/Src/stm32f1xx_hal_rcc.c.obj
                0x000000000800afa0                HAL_RCC_GetPCLK2Freq
 .text.TIM_TI1_ConfigInputStage
                0x000000000800afc0       0x24 CMakeFiles/ROS_CAR.elf.dir/Drivers/STM32F1xx_HAL_Driver/Src/stm32f1xx_hal_tim.c.obj
 .text.TIM_TI2_ConfigInputStage
                0x000000000800afe4       0x26 CMakeFiles/ROS_CAR.elf.dir/Drivers/STM32F1xx_HAL_Driver/Src/stm32f1xx_hal_tim.c.obj
 .text.TIM_ITRx_SetConfig
                0x000000000800b00a       0x10 CMakeFiles/ROS_CAR.elf.dir/Drivers/STM32F1xx_HAL_Driver/Src/stm32f1xx_hal_tim.c.obj
 *fill*         0x000000000800b01a        0x2 
 .text.HAL_TIM_Base_Start
                0x000000000800b01c       0x5c CMakeFiles/ROS_CAR.elf.dir/Drivers/STM32F1xx_HAL_Driver/Src/stm32f1xx_hal_tim.c.obj
                0x000000000800b01c                HAL_TIM_Base_Start
 .text.TIM_Base_SetConfig
                0x000000000800b078       0x74 CMakeFiles/ROS_CAR.elf.dir/Drivers/STM32F1xx_HAL_Driver/Src/stm32f1xx_hal_tim.c.obj
                0x000000000800b078                TIM_Base_SetConfig
 .text.HAL_TIM_Base_Init
                0x000000000800b0ec       0x58 CMakeFiles/ROS_CAR.elf.dir/Drivers/STM32F1xx_HAL_Driver/Src/stm32f1xx_hal_tim.c.obj
                0x000000000800b0ec                HAL_TIM_Base_Init
 .text.TIM_ETR_SetConfig
                0x000000000800b144       0x16 CMakeFiles/ROS_CAR.elf.dir/Drivers/STM32F1xx_HAL_Driver/Src/stm32f1xx_hal_tim.c.obj
                0x000000000800b144                TIM_ETR_SetConfig
 .text.HAL_TIM_ConfigClockSource
                0x000000000800b15a       0xfe CMakeFiles/ROS_CAR.elf.dir/Drivers/STM32F1xx_HAL_Driver/Src/stm32f1xx_hal_tim.c.obj
                0x000000000800b15a                HAL_TIM_ConfigClockSource
 .text.HAL_TIMEx_MasterConfigSynchronization
                0x000000000800b258       0x68 CMakeFiles/ROS_CAR.elf.dir/Drivers/STM32F1xx_HAL_Driver/Src/stm32f1xx_hal_tim_ex.c.obj
                0x000000000800b258                HAL_TIMEx_MasterConfigSynchronization
 .text.UART_EndTxTransfer
                0x000000000800b2c0       0x20 CMakeFiles/ROS_CAR.elf.dir/Drivers/STM32F1xx_HAL_Driver/Src/stm32f1xx_hal_uart.c.obj
 .text.UART_EndRxTransfer
                0x000000000800b2e0       0x5c CMakeFiles/ROS_CAR.elf.dir/Drivers/STM32F1xx_HAL_Driver/Src/stm32f1xx_hal_uart.c.obj
 .text.UART_Transmit_IT
                0x000000000800b33c       0x60 CMakeFiles/ROS_CAR.elf.dir/Drivers/STM32F1xx_HAL_Driver/Src/stm32f1xx_hal_uart.c.obj
 .text.UART_SetConfig
                0x000000000800b39c       0x90 CMakeFiles/ROS_CAR.elf.dir/Drivers/STM32F1xx_HAL_Driver/Src/stm32f1xx_hal_uart.c.obj
 .text.HAL_UART_Init
                0x000000000800b42c       0x60 CMakeFiles/ROS_CAR.elf.dir/Drivers/STM32F1xx_HAL_Driver/Src/stm32f1xx_hal_uart.c.obj
                0x000000000800b42c                HAL_UART_Init
 .text.HAL_UART_Transmit_DMA
                0x000000000800b48c       0x84 CMakeFiles/ROS_CAR.elf.dir/Drivers/STM32F1xx_HAL_Driver/Src/stm32f1xx_hal_uart.c.obj
                0x000000000800b48c                HAL_UART_Transmit_DMA
 .text.UART_DMATransmitCplt
                0x000000000800b510       0x4c CMakeFiles/ROS_CAR.elf.dir/Drivers/STM32F1xx_HAL_Driver/Src/stm32f1xx_hal_uart.c.obj
 .text.UART_EndTransmit_IT
                0x000000000800b55c       0x1a CMakeFiles/ROS_CAR.elf.dir/Drivers/STM32F1xx_HAL_Driver/Src/stm32f1xx_hal_uart.c.obj
 .text.HAL_UART_TxHalfCpltCallback
                0x000000000800b576        0x2 CMakeFiles/ROS_CAR.elf.dir/Drivers/STM32F1xx_HAL_Driver/Src/stm32f1xx_hal_uart.c.obj
                0x000000000800b576                HAL_UART_TxHalfCpltCallback
 .text.UART_DMATxHalfCplt
                0x000000000800b578        0xa CMakeFiles/ROS_CAR.elf.dir/Drivers/STM32F1xx_HAL_Driver/Src/stm32f1xx_hal_uart.c.obj
 .text.HAL_UART_RxHalfCpltCallback
                0x000000000800b582        0x2 CMakeFiles/ROS_CAR.elf.dir/Drivers/STM32F1xx_HAL_Driver/Src/stm32f1xx_hal_uart.c.obj
                0x000000000800b582                HAL_UART_RxHalfCpltCallback
 .text.HAL_UART_ErrorCallback
                0x000000000800b584        0x2 CMakeFiles/ROS_CAR.elf.dir/Drivers/STM32F1xx_HAL_Driver/Src/stm32f1xx_hal_uart.c.obj
                0x000000000800b584                HAL_UART_ErrorCallback
 .text.UART_DMAError
                0x000000000800b586       0x58 CMakeFiles/ROS_CAR.elf.dir/Drivers/STM32F1xx_HAL_Driver/Src/stm32f1xx_hal_uart.c.obj
 .text.UART_DMAAbortOnError
                0x000000000800b5de       0x10 CMakeFiles/ROS_CAR.elf.dir/Drivers/STM32F1xx_HAL_Driver/Src/stm32f1xx_hal_uart.c.obj
 .text.HAL_UARTEx_RxEventCallback
                0x000000000800b5ee        0x2 CMakeFiles/ROS_CAR.elf.dir/Drivers/STM32F1xx_HAL_Driver/Src/stm32f1xx_hal_uart.c.obj
                0x000000000800b5ee                HAL_UARTEx_RxEventCallback
 .text.UART_Receive_IT
                0x000000000800b5f0       0xe6 CMakeFiles/ROS_CAR.elf.dir/Drivers/STM32F1xx_HAL_Driver/Src/stm32f1xx_hal_uart.c.obj
 *fill*         0x000000000800b6d6        0x2 
 .text.HAL_UART_IRQHandler
                0x000000000800b6d8      0x288 CMakeFiles/ROS_CAR.elf.dir/Drivers/STM32F1xx_HAL_Driver/Src/stm32f1xx_hal_uart.c.obj
                0x000000000800b6d8                HAL_UART_IRQHandler
 .text.UART_DMARxHalfCplt
                0x000000000800b960       0x1e CMakeFiles/ROS_CAR.elf.dir/Drivers/STM32F1xx_HAL_Driver/Src/stm32f1xx_hal_uart.c.obj
 .text.UART_DMAReceiveCplt
                0x000000000800b97e       0x9a CMakeFiles/ROS_CAR.elf.dir/Drivers/STM32F1xx_HAL_Driver/Src/stm32f1xx_hal_uart.c.obj
 .text.UART_Start_Receive_DMA
                0x000000000800ba18       0xa4 CMakeFiles/ROS_CAR.elf.dir/Drivers/STM32F1xx_HAL_Driver/Src/stm32f1xx_hal_uart.c.obj
                0x000000000800ba18                UART_Start_Receive_DMA
 .text.HAL_UART_Receive_DMA
                0x000000000800babc       0x26 CMakeFiles/ROS_CAR.elf.dir/Drivers/STM32F1xx_HAL_Driver/Src/stm32f1xx_hal_uart.c.obj
                0x000000000800babc                HAL_UART_Receive_DMA
 *fill*         0x000000000800bae2        0x2 
 .text._ZN3ros16normalizeSecNSecERmS0_
                0x000000000800bae4       0x2c CMakeFiles/ROS_CAR.elf.dir/RosLibs/time.cpp.obj
                0x000000000800bae4                ros::normalizeSecNSec(unsigned long&, unsigned long&)
 .text.Reset_Handler
                0x000000000800bb10       0x48 CMakeFiles/ROS_CAR.elf.dir/startup/startup_stm32f103xb.s.obj
                0x000000000800bb10                Reset_Handler
 .text.Default_Handler
                0x000000000800bb58        0x2 CMakeFiles/ROS_CAR.elf.dir/startup/startup_stm32f103xb.s.obj
                0x000000000800bb58                RTC_Alarm_IRQHandler
                0x000000000800bb58                EXTI2_IRQHandler
                0x000000000800bb58                TIM1_CC_IRQHandler
                0x000000000800bb58                PVD_IRQHandler
                0x000000000800bb58                EXTI3_IRQHandler
                0x000000000800bb58                EXTI0_IRQHandler
                0x000000000800bb58                I2C2_EV_IRQHandler
                0x000000000800bb58                ADC1_2_IRQHandler
                0x000000000800bb58                SPI1_IRQHandler
                0x000000000800bb58                TAMPER_IRQHandler
                0x000000000800bb58                USART3_IRQHandler
                0x000000000800bb58                RTC_IRQHandler
                0x000000000800bb58                DMA1_Channel7_IRQHandler
                0x000000000800bb58                CAN1_RX1_IRQHandler
                0x000000000800bb58                TIM4_IRQHandler
                0x000000000800bb58                I2C1_EV_IRQHandler
                0x000000000800bb58                DMA1_Channel6_IRQHandler
                0x000000000800bb58                TIM3_IRQHandler
                0x000000000800bb58                RCC_IRQHandler
                0x000000000800bb58                TIM1_TRG_COM_IRQHandler
                0x000000000800bb58                DMA1_Channel1_IRQHandler
                0x000000000800bb58                Default_Handler
                0x000000000800bb58                EXTI15_10_IRQHandler
                0x000000000800bb58                EXTI9_5_IRQHandler
                0x000000000800bb58                SPI2_IRQHandler
                0x000000000800bb58                EXTI4_IRQHandler
                0x000000000800bb58                USB_LP_CAN1_RX0_IRQHandler
                0x000000000800bb58                USB_HP_CAN1_TX_IRQHandler
                0x000000000800bb58                DMA1_Channel3_IRQHandler
                0x000000000800bb58                TIM1_UP_IRQHandler
                0x000000000800bb58                WWDG_IRQHandler
                0x000000000800bb58                TIM2_IRQHandler
                0x000000000800bb58                TIM1_BRK_IRQHandler
                0x000000000800bb58                EXTI1_IRQHandler
                0x000000000800bb58                USART2_IRQHandler
                0x000000000800bb58                I2C2_ER_IRQHandler
                0x000000000800bb58                DMA1_Channel2_IRQHandler
                0x000000000800bb58                CAN1_SCE_IRQHandler
                0x000000000800bb58                FLASH_IRQHandler
                0x000000000800bb58                I2C1_ER_IRQHandler
                0x000000000800bb58                USBWakeUp_IRQHandler
 *fill*         0x000000000800bb5a        0x2 
 .text._ZNK10__cxxabiv117__class_type_info11__do_upcastEPKS0_PPv
                0x000000000800bb5c       0x38 /usr/lib/gcc/arm-none-eabi/9.2.1/../../../arm-none-eabi/lib/thumb/v7-m/nofp/libstdc++.a(class_type_info.o)
                0x000000000800bb5c                __cxxabiv1::__class_type_info::__do_upcast(__cxxabiv1::__class_type_info const*, void**) const
 .text._ZNK10__cxxabiv117__class_type_info20__do_find_public_srcEiPKvPKS0_S2_
                0x000000000800bb94        0xc /usr/lib/gcc/arm-none-eabi/9.2.1/../../../arm-none-eabi/lib/thumb/v7-m/nofp/libstdc++.a(class_type_info.o)
                0x000000000800bb94                __cxxabiv1::__class_type_info::__do_find_public_src(int, void const*, __cxxabiv1::__class_type_info const*, void const*) const
 .text._ZN10__cxxabiv117__class_type_infoD2Ev
                0x000000000800bba0       0x14 /usr/lib/gcc/arm-none-eabi/9.2.1/../../../arm-none-eabi/lib/thumb/v7-m/nofp/libstdc++.a(class_type_info.o)
                0x000000000800bba0                __cxxabiv1::__class_type_info::~__class_type_info()
                0x000000000800bba0                __cxxabiv1::__class_type_info::~__class_type_info()
 .text._ZN10__cxxabiv117__class_type_infoD0Ev
                0x000000000800bbb4       0x1c /usr/lib/gcc/arm-none-eabi/9.2.1/../../../arm-none-eabi/lib/thumb/v7-m/nofp/libstdc++.a(class_type_info.o)
                0x000000000800bbb4                __cxxabiv1::__class_type_info::~__class_type_info()
 .text._ZNK10__cxxabiv117__class_type_info12__do_dyncastEiNS0_10__sub_kindEPKS0_PKvS3_S5_RNS0_16__dyncast_resultE
                0x000000000800bbd0       0x44 /usr/lib/gcc/arm-none-eabi/9.2.1/../../../arm-none-eabi/lib/thumb/v7-m/nofp/libstdc++.a(class_type_info.o)
                0x000000000800bbd0                __cxxabiv1::__class_type_info::__do_dyncast(int, __cxxabiv1::__class_type_info::__sub_kind, __cxxabiv1::__class_type_info const*, void const*, __cxxabiv1::__class_type_info const*, void const*, __cxxabiv1::__class_type_info::__dyncast_result&) const
 .text._ZNK10__cxxabiv117__class_type_info11__do_upcastEPKS0_PKvRNS0_15__upcast_resultE
                0x000000000800bc14       0x1c /usr/lib/gcc/arm-none-eabi/9.2.1/../../../arm-none-eabi/lib/thumb/v7-m/nofp/libstdc++.a(class_type_info.o)
                0x000000000800bc14                __cxxabiv1::__class_type_info::__do_upcast(__cxxabiv1::__class_type_info const*, void const*, __cxxabiv1::__class_type_info::__upcast_result&) const
 .text._ZNK10__cxxabiv117__class_type_info10__do_catchEPKSt9type_infoPPvj
                0x000000000800bc30       0x2c /usr/lib/gcc/arm-none-eabi/9.2.1/../../../arm-none-eabi/lib/thumb/v7-m/nofp/libstdc++.a(class_type_info.o)
                0x000000000800bc30                __cxxabiv1::__class_type_info::__do_catch(std::type_info const*, void**, unsigned int) const
 .text._ZdlPvj  0x000000000800bc5c        0x4 /usr/lib/gcc/arm-none-eabi/9.2.1/../../../arm-none-eabi/lib/thumb/v7-m/nofp/libstdc++.a(del_ops.o)
                0x000000000800bc5c                operator delete(void*, unsigned int)
 .text._ZN10__cxxabiv120__si_class_type_infoD2Ev
                0x000000000800bc60       0x14 /usr/lib/gcc/arm-none-eabi/9.2.1/../../../arm-none-eabi/lib/thumb/v7-m/nofp/libstdc++.a(si_class_type_info.o)
                0x000000000800bc60                __cxxabiv1::__si_class_type_info::~__si_class_type_info()
                0x000000000800bc60                __cxxabiv1::__si_class_type_info::~__si_class_type_info()
 .text._ZN10__cxxabiv120__si_class_type_infoD0Ev
                0x000000000800bc74       0x1c /usr/lib/gcc/arm-none-eabi/9.2.1/../../../arm-none-eabi/lib/thumb/v7-m/nofp/libstdc++.a(si_class_type_info.o)
                0x000000000800bc74                __cxxabiv1::__si_class_type_info::~__si_class_type_info()
 .text._ZNK10__cxxabiv120__si_class_type_info20__do_find_public_srcEiPKvPKNS_17__class_type_infoES2_
                0x000000000800bc90       0x3c /usr/lib/gcc/arm-none-eabi/9.2.1/../../../arm-none-eabi/lib/thumb/v7-m/nofp/libstdc++.a(si_class_type_info.o)
                0x000000000800bc90                __cxxabiv1::__si_class_type_info::__do_find_public_src(int, void const*, __cxxabiv1::__class_type_info const*, void const*) const
 .text._ZNK10__cxxabiv120__si_class_type_info12__do_dyncastEiNS_17__class_type_info10__sub_kindEPKS1_PKvS4_S6_RNS1_16__dyncast_resultE
                0x000000000800bccc       0x84 /usr/lib/gcc/arm-none-eabi/9.2.1/../../../arm-none-eabi/lib/thumb/v7-m/nofp/libstdc++.a(si_class_type_info.o)
                0x000000000800bccc                __cxxabiv1::__si_class_type_info::__do_dyncast(int, __cxxabiv1::__class_type_info::__sub_kind, __cxxabiv1::__class_type_info const*, void const*, __cxxabiv1::__class_type_info const*, void const*, __cxxabiv1::__class_type_info::__dyncast_result&) const
 .text._ZNK10__cxxabiv120__si_class_type_info11__do_upcastEPKNS_17__class_type_infoEPKvRNS1_15__upcast_resultE
                0x000000000800bd50       0x2c /usr/lib/gcc/arm-none-eabi/9.2.1/../../../arm-none-eabi/lib/thumb/v7-m/nofp/libstdc++.a(si_class_type_info.o)
                0x000000000800bd50                __cxxabiv1::__si_class_type_info::__do_upcast(__cxxabiv1::__class_type_info const*, void const*, __cxxabiv1::__class_type_info::__upcast_result&) const
 .text._ZNSt9type_infoD2Ev
                0x000000000800bd7c        0x4 /usr/lib/gcc/arm-none-eabi/9.2.1/../../../arm-none-eabi/lib/thumb/v7-m/nofp/libstdc++.a(tinfo.o)
                0x000000000800bd7c                std::type_info::~type_info()
                0x000000000800bd7c                std::type_info::~type_info()
 .text._ZNKSt9type_info14__is_pointer_pEv
                0x000000000800bd80        0x4 /usr/lib/gcc/arm-none-eabi/9.2.1/../../../arm-none-eabi/lib/thumb/v7-m/nofp/libstdc++.a(tinfo.o)
                0x000000000800bd80                std::type_info::__is_function_p() const
                0x000000000800bd80                std::type_info::__is_pointer_p() const
 .text._ZNKSt9type_infoeqERKS_
                0x000000000800bd84       0x2c /usr/lib/gcc/arm-none-eabi/9.2.1/../../../arm-none-eabi/lib/thumb/v7-m/nofp/libstdc++.a(tinfo.o)
                0x000000000800bd84                std::type_info::operator==(std::type_info const&) const
 .text._ZdlPv   0x000000000800bdb0        0x4 /usr/lib/gcc/arm-none-eabi/9.2.1/../../../arm-none-eabi/lib/thumb/v7-m/nofp/libstdc++.a(del_op.o)
                0x000000000800bdb0                operator delete(void*)
 .text.startup  0x000000000800bdb4       0x14 /usr/lib/gcc/arm-none-eabi/9.2.1/../../../arm-none-eabi/lib/thumb/v7-m/nofp/libg.a(lib_a-__call_atexit.o)
 *(.glue_7)
 .glue_7        0x000000000800bdc8        0x0 linker stubs
 *(.glue_7t)
 .glue_7t       0x000000000800bdc8        0x0 linker stubs
 *(.eh_frame)
 .eh_frame      0x000000000800bdc8        0x0 /usr/lib/gcc/arm-none-eabi/9.2.1/thumb/v7-m/nofp/crtbegin.o
 *(.init)
 .init          0x000000000800bdc8        0x4 /usr/lib/gcc/arm-none-eabi/9.2.1/thumb/v7-m/nofp/crti.o
                0x000000000800bdc8                _init
 .init          0x000000000800bdcc        0x8 /usr/lib/gcc/arm-none-eabi/9.2.1/thumb/v7-m/nofp/crtn.o
 *(.fini)
 .fini          0x000000000800bdd4        0x4 /usr/lib/gcc/arm-none-eabi/9.2.1/thumb/v7-m/nofp/crti.o
                0x000000000800bdd4                _fini
 .fini          0x000000000800bdd8        0x8 /usr/lib/gcc/arm-none-eabi/9.2.1/thumb/v7-m/nofp/crtn.o
                0x000000000800bde0                . = ALIGN (0x4)
                0x000000000800bde0                _etext = .

.vfp11_veneer   0x000000000800bde0        0x0
 .vfp11_veneer  0x000000000800bde0        0x0 linker stubs

.v4_bx          0x000000000800bde0        0x0
 .v4_bx         0x000000000800bde0        0x0 linker stubs

.iplt           0x000000000800bde0        0x0
 .iplt          0x000000000800bde0        0x0 /usr/lib/gcc/arm-none-eabi/9.2.1/thumb/v7-m/nofp/crtbegin.o

.rodata         0x000000000800bde0     0x2034
                0x000000000800bde0                . = ALIGN (0x4)
 *(.rodata)
 .rodata        0x000000000800bde0        0x4 /usr/lib/gcc/arm-none-eabi/9.2.1/../../../arm-none-eabi/lib/thumb/v7-m/nofp/libg.a(lib_a-impure.o)
                0x000000000800bde0                _global_impure_ptr
 .rodata        0x000000000800bde4       0x20 /usr/lib/gcc/arm-none-eabi/9.2.1/../../../arm-none-eabi/lib/thumb/v7-m/nofp/libg.a(lib_a-svfprintf.o)
 *fill*         0x000000000800be04        0x4 
 .rodata        0x000000000800be08      0x128 /usr/lib/gcc/arm-none-eabi/9.2.1/../../../arm-none-eabi/lib/thumb/v7-m/nofp/libg.a(lib_a-mprec.o)
                0x000000000800be18                __mprec_tens
                0x000000000800bee0                __mprec_tinytens
                0x000000000800bf08                __mprec_bigtens
 .rodata        0x000000000800bf30       0x20 /usr/lib/gcc/arm-none-eabi/9.2.1/../../../arm-none-eabi/lib/thumb/v7-m/nofp/libg.a(lib_a-svfiprintf.o)
 .rodata        0x000000000800bf50       0x20 /usr/lib/gcc/arm-none-eabi/9.2.1/../../../arm-none-eabi/lib/thumb/v7-m/nofp/libg.a(lib_a-vfiprintf.o)
 .rodata        0x000000000800bf70      0x101 /usr/lib/gcc/arm-none-eabi/9.2.1/../../../arm-none-eabi/lib/thumb/v7-m/nofp/libg.a(lib_a-ctype_.o)
                0x000000000800bf70                _ctype_
 *(.rodata*)
 *fill*         0x000000000800c071        0x3 
 .rodata._ZN8std_msgs4Time7getTypeEv.str1.4
                0x000000000800c074        0xe CMakeFiles/ROS_CAR.elf.dir/Core/Src/mainpp.cpp.obj
 *fill*         0x000000000800c082        0x2 
 .rodata._ZN8std_msgs4Time6getMD5Ev.str1.4
                0x000000000800c084       0x21 CMakeFiles/ROS_CAR.elf.dir/Core/Src/mainpp.cpp.obj
 *fill*         0x000000000800c0a5        0x3 
 .rodata._ZN14rosserial_msgs9TopicInfo7getTypeEv.str1.4
                0x000000000800c0a8       0x19 CMakeFiles/ROS_CAR.elf.dir/Core/Src/mainpp.cpp.obj
 *fill*         0x000000000800c0c1        0x3 
 .rodata._ZN14rosserial_msgs9TopicInfo6getMD5Ev.str1.4
                0x000000000800c0c4       0x21 CMakeFiles/ROS_CAR.elf.dir/Core/Src/mainpp.cpp.obj
 *fill*         0x000000000800c0e5        0x3 
 .rodata._ZN14rosserial_msgs3Log7getTypeEv.str1.4
                0x000000000800c0e8       0x13 CMakeFiles/ROS_CAR.elf.dir/Core/Src/mainpp.cpp.obj
 *fill*         0x000000000800c0fb        0x1 
 .rodata._ZN14rosserial_msgs3Log6getMD5Ev.str1.4
                0x000000000800c0fc       0x21 CMakeFiles/ROS_CAR.elf.dir/Core/Src/mainpp.cpp.obj
 *fill*         0x000000000800c11d        0x3 
 .rodata._ZN14rosserial_msgs20RequestParamResponse6getMD5Ev.str1.4
                0x000000000800c120       0x21 CMakeFiles/ROS_CAR.elf.dir/Core/Src/mainpp.cpp.obj
 *fill*         0x000000000800c141        0x3 
 .rodata._ZN8std_msgs6String7getTypeEv.str1.4
                0x000000000800c144       0x10 CMakeFiles/ROS_CAR.elf.dir/Core/Src/mainpp.cpp.obj
 .rodata._ZN8std_msgs6String6getMD5Ev.str1.4
                0x000000000800c154       0x21 CMakeFiles/ROS_CAR.elf.dir/Core/Src/mainpp.cpp.obj
 *fill*         0x000000000800c175        0x3 
 .rodata._Z41__static_initialization_and_destruction_0ii.str1.4
                0x000000000800c178       0x18 CMakeFiles/ROS_CAR.elf.dir/Core/Src/mainpp.cpp.obj
 .rodata._Z16command_callbackRKN8std_msgs6StringE.str1.4
                0x000000000800c190        0x3 CMakeFiles/ROS_CAR.elf.dir/Core/Src/mainpp.cpp.obj
 *fill*         0x000000000800c193        0x1 
 .rodata._ZN3ros11NodeHandle_I13STM32HardwareLi25ELi25ELi512ELi512EE7publishEiPKNS_3MsgE.str1.4
                0x000000000800c194       0x39 CMakeFiles/ROS_CAR.elf.dir/Core/Src/mainpp.cpp.obj
 *fill*         0x000000000800c1cd        0x3 
 .rodata.loop.str1.4
                0x000000000800c1d0       0x10 CMakeFiles/ROS_CAR.elf.dir/Core/Src/mainpp.cpp.obj
 .rodata._ZTSN3ros3MsgE
                0x000000000800c1e0        0xb CMakeFiles/ROS_CAR.elf.dir/Core/Src/mainpp.cpp.obj
                0x000000000800c1e0                typeinfo name for ros::Msg
 *fill*         0x000000000800c1eb        0x1 
 .rodata._ZTIN3ros3MsgE
                0x000000000800c1ec        0x8 CMakeFiles/ROS_CAR.elf.dir/Core/Src/mainpp.cpp.obj
                0x000000000800c1ec                typeinfo for ros::Msg
 .rodata._ZTSN8std_msgs4TimeE
                0x000000000800c1f4       0x11 CMakeFiles/ROS_CAR.elf.dir/Core/Src/mainpp.cpp.obj
                0x000000000800c1f4                typeinfo name for std_msgs::Time
 *fill*         0x000000000800c205        0x3 
 .rodata._ZTIN8std_msgs4TimeE
                0x000000000800c208        0xc CMakeFiles/ROS_CAR.elf.dir/Core/Src/mainpp.cpp.obj
                0x000000000800c208                typeinfo for std_msgs::Time
 .rodata._ZTSN14rosserial_msgs9TopicInfoE
                0x000000000800c214       0x1d CMakeFiles/ROS_CAR.elf.dir/Core/Src/mainpp.cpp.obj
                0x000000000800c214                typeinfo name for rosserial_msgs::TopicInfo
 *fill*         0x000000000800c231        0x3 
 .rodata._ZTIN14rosserial_msgs9TopicInfoE
                0x000000000800c234        0xc CMakeFiles/ROS_CAR.elf.dir/Core/Src/mainpp.cpp.obj
                0x000000000800c234                typeinfo for rosserial_msgs::TopicInfo
 .rodata._ZTSN14rosserial_msgs3LogE
                0x000000000800c240       0x17 CMakeFiles/ROS_CAR.elf.dir/Core/Src/mainpp.cpp.obj
                0x000000000800c240                typeinfo name for rosserial_msgs::Log
 *fill*         0x000000000800c257        0x1 
 .rodata._ZTIN14rosserial_msgs3LogE
                0x000000000800c258        0xc CMakeFiles/ROS_CAR.elf.dir/Core/Src/mainpp.cpp.obj
                0x000000000800c258                typeinfo for rosserial_msgs::Log
 .rodata._ZTSN14rosserial_msgs20RequestParamResponseE
                0x000000000800c264       0x29 CMakeFiles/ROS_CAR.elf.dir/Core/Src/mainpp.cpp.obj
                0x000000000800c264                typeinfo name for rosserial_msgs::RequestParamResponse
 *fill*         0x000000000800c28d        0x3 
 .rodata._ZTIN14rosserial_msgs20RequestParamResponseE
                0x000000000800c290        0xc CMakeFiles/ROS_CAR.elf.dir/Core/Src/mainpp.cpp.obj
                0x000000000800c290                typeinfo for rosserial_msgs::RequestParamResponse
 .rodata._ZTSN3ros15NodeHandleBase_E
                0x000000000800c29c       0x18 CMakeFiles/ROS_CAR.elf.dir/Core/Src/mainpp.cpp.obj
                0x000000000800c29c                typeinfo name for ros::NodeHandleBase_
 .rodata._ZTIN3ros15NodeHandleBase_E
                0x000000000800c2b4        0x8 CMakeFiles/ROS_CAR.elf.dir/Core/Src/mainpp.cpp.obj
                0x000000000800c2b4                typeinfo for ros::NodeHandleBase_
 .rodata._ZTSN3ros11Subscriber_E
                0x000000000800c2bc       0x14 CMakeFiles/ROS_CAR.elf.dir/Core/Src/mainpp.cpp.obj
                0x000000000800c2bc                typeinfo name for ros::Subscriber_
 .rodata._ZTIN3ros11Subscriber_E
                0x000000000800c2d0        0x8 CMakeFiles/ROS_CAR.elf.dir/Core/Src/mainpp.cpp.obj
                0x000000000800c2d0                typeinfo for ros::Subscriber_
 .rodata._ZTSN8std_msgs6StringE
                0x000000000800c2d8       0x13 CMakeFiles/ROS_CAR.elf.dir/Core/Src/mainpp.cpp.obj
                0x000000000800c2d8                typeinfo name for std_msgs::String
 *fill*         0x000000000800c2eb        0x1 
 .rodata._ZTIN8std_msgs6StringE
                0x000000000800c2ec        0xc CMakeFiles/ROS_CAR.elf.dir/Core/Src/mainpp.cpp.obj
                0x000000000800c2ec                typeinfo for std_msgs::String
 .rodata._ZTSN3ros11NodeHandle_I13STM32HardwareLi25ELi25ELi512ELi512EEE
                0x000000000800c2f8       0x3b CMakeFiles/ROS_CAR.elf.dir/Core/Src/mainpp.cpp.obj
                0x000000000800c2f8                typeinfo name for ros::NodeHandle_<STM32Hardware, 25, 25, 512, 512>
 *fill*         0x000000000800c333        0x1 
 .rodata._ZTIN3ros11NodeHandle_I13STM32HardwareLi25ELi25ELi512ELi512EEE
                0x000000000800c334        0xc CMakeFiles/ROS_CAR.elf.dir/Core/Src/mainpp.cpp.obj
                0x000000000800c334                typeinfo for ros::NodeHandle_<STM32Hardware, 25, 25, 512, 512>
 .rodata._ZTSN3ros10SubscriberIN8std_msgs6StringEEE
                0x000000000800c340       0x27 CMakeFiles/ROS_CAR.elf.dir/Core/Src/mainpp.cpp.obj
                0x000000000800c340                typeinfo name for ros::Subscriber<std_msgs::String>
 *fill*         0x000000000800c367        0x1 
 .rodata._ZTIN3ros10SubscriberIN8std_msgs6StringEEE
                0x000000000800c368        0xc CMakeFiles/ROS_CAR.elf.dir/Core/Src/mainpp.cpp.obj
                0x000000000800c368                typeinfo for ros::Subscriber<std_msgs::String>
 .rodata._ZTVN8std_msgs4TimeE
                0x000000000800c374       0x18 CMakeFiles/ROS_CAR.elf.dir/Core/Src/mainpp.cpp.obj
                0x000000000800c374                vtable for std_msgs::Time
 .rodata._ZTVN14rosserial_msgs9TopicInfoE
                0x000000000800c38c       0x18 CMakeFiles/ROS_CAR.elf.dir/Core/Src/mainpp.cpp.obj
                0x000000000800c38c                vtable for rosserial_msgs::TopicInfo
 .rodata._ZTVN14rosserial_msgs3LogE
                0x000000000800c3a4       0x18 CMakeFiles/ROS_CAR.elf.dir/Core/Src/mainpp.cpp.obj
                0x000000000800c3a4                vtable for rosserial_msgs::Log
 .rodata._ZTVN14rosserial_msgs20RequestParamResponseE
                0x000000000800c3bc       0x18 CMakeFiles/ROS_CAR.elf.dir/Core/Src/mainpp.cpp.obj
                0x000000000800c3bc                vtable for rosserial_msgs::RequestParamResponse
 .rodata._ZTVN8std_msgs6StringE
                0x000000000800c3d4       0x18 CMakeFiles/ROS_CAR.elf.dir/Core/Src/mainpp.cpp.obj
                0x000000000800c3d4                vtable for std_msgs::String
 .rodata._ZTVN3ros11NodeHandle_I13STM32HardwareLi25ELi25ELi512ELi512EEE
                0x000000000800c3ec       0x14 CMakeFiles/ROS_CAR.elf.dir/Core/Src/mainpp.cpp.obj
                0x000000000800c3ec                vtable for ros::NodeHandle_<STM32Hardware, 25, 25, 512, 512>
 .rodata._ZTVN3ros10SubscriberIN8std_msgs6StringEEE
                0x000000000800c400       0x18 CMakeFiles/ROS_CAR.elf.dir/Core/Src/mainpp.cpp.obj
                0x000000000800c400                vtable for ros::Subscriber<std_msgs::String>
 .rodata._ZN14rosserial_msgsL12REQUESTPARAME
                0x000000000800c418       0x1c CMakeFiles/ROS_CAR.elf.dir/Core/Src/mainpp.cpp.obj
 .rodata.asc2_1206
                0x000000000800c434      0x474 CMakeFiles/ROS_CAR.elf.dir/Core/Src/oled.c.obj
                0x000000000800c434                asc2_1206
 .rodata.asc2_1608
                0x000000000800c8a8      0x5f0 CMakeFiles/ROS_CAR.elf.dir/Core/Src/oled.c.obj
                0x000000000800c8a8                asc2_1608
 .rodata.asc2_2412
                0x000000000800ce98      0xd5c CMakeFiles/ROS_CAR.elf.dir/Core/Src/oled.c.obj
                0x000000000800ce98                asc2_2412
 .rodata.AHBPrescTable
                0x000000000800dbf4       0x10 CMakeFiles/ROS_CAR.elf.dir/Core/Src/system_stm32f1xx.c.obj
                0x000000000800dbf4                AHBPrescTable
 .rodata.APBPrescTable
                0x000000000800dc04        0x8 CMakeFiles/ROS_CAR.elf.dir/Core/Src/system_stm32f1xx.c.obj
                0x000000000800dc04                APBPrescTable
 .rodata.aPLLMULFactorTable.6174
                0x000000000800dc0c       0x10 CMakeFiles/ROS_CAR.elf.dir/Drivers/STM32F1xx_HAL_Driver/Src/stm32f1xx_hal_rcc.c.obj
 .rodata.aPredivFactorTable.6175
                0x000000000800dc1c        0x2 CMakeFiles/ROS_CAR.elf.dir/Drivers/STM32F1xx_HAL_Driver/Src/stm32f1xx_hal_rcc.c.obj
 *fill*         0x000000000800dc1e        0x2 
 .rodata._ZTIN10__cxxabiv117__class_type_infoE
                0x000000000800dc20        0xc /usr/lib/gcc/arm-none-eabi/9.2.1/../../../arm-none-eabi/lib/thumb/v7-m/nofp/libstdc++.a(class_type_info.o)
                0x000000000800dc20                typeinfo for __cxxabiv1::__class_type_info
 .rodata._ZTSN10__cxxabiv117__class_type_infoE
                0x000000000800dc2c       0x22 /usr/lib/gcc/arm-none-eabi/9.2.1/../../../arm-none-eabi/lib/thumb/v7-m/nofp/libstdc++.a(class_type_info.o)
                0x000000000800dc2c                typeinfo name for __cxxabiv1::__class_type_info
 *fill*         0x000000000800dc4e        0x2 
 .rodata._ZTVN10__cxxabiv117__class_type_infoE
                0x000000000800dc50       0x2c /usr/lib/gcc/arm-none-eabi/9.2.1/../../../arm-none-eabi/lib/thumb/v7-m/nofp/libstdc++.a(class_type_info.o)
                0x000000000800dc50                vtable for __cxxabiv1::__class_type_info
 .rodata._ZTIN10__cxxabiv120__si_class_type_infoE
                0x000000000800dc7c        0xc /usr/lib/gcc/arm-none-eabi/9.2.1/../../../arm-none-eabi/lib/thumb/v7-m/nofp/libstdc++.a(si_class_type_info.o)
                0x000000000800dc7c                typeinfo for __cxxabiv1::__si_class_type_info
 .rodata._ZTSN10__cxxabiv120__si_class_type_infoE
                0x000000000800dc88       0x25 /usr/lib/gcc/arm-none-eabi/9.2.1/../../../arm-none-eabi/lib/thumb/v7-m/nofp/libstdc++.a(si_class_type_info.o)
                0x000000000800dc88                typeinfo name for __cxxabiv1::__si_class_type_info
 *fill*         0x000000000800dcad        0x3 
 .rodata._ZTVN10__cxxabiv120__si_class_type_infoE
                0x000000000800dcb0       0x2c /usr/lib/gcc/arm-none-eabi/9.2.1/../../../arm-none-eabi/lib/thumb/v7-m/nofp/libstdc++.a(si_class_type_info.o)
                0x000000000800dcb0                vtable for __cxxabiv1::__si_class_type_info
 .rodata._ZTISt9type_info
                0x000000000800dcdc        0x8 /usr/lib/gcc/arm-none-eabi/9.2.1/../../../arm-none-eabi/lib/thumb/v7-m/nofp/libstdc++.a(tinfo.o)
                0x000000000800dcdc                typeinfo for std::type_info
 .rodata._ZTSSt9type_info
                0x000000000800dce4        0xd /usr/lib/gcc/arm-none-eabi/9.2.1/../../../arm-none-eabi/lib/thumb/v7-m/nofp/libstdc++.a(tinfo.o)
                0x000000000800dce4                typeinfo name for std::type_info
 *fill*         0x000000000800dcf1        0x3 
 .rodata.str1.4
                0x000000000800dcf4       0x42 /usr/lib/gcc/arm-none-eabi/9.2.1/../../../arm-none-eabi/lib/thumb/v7-m/nofp/libg.a(lib_a-svfprintf.o)
 *fill*         0x000000000800dd36        0x2 
 .rodata.str1.4
                0x000000000800dd38       0x56 /usr/lib/gcc/arm-none-eabi/9.2.1/../../../arm-none-eabi/lib/thumb/v7-m/nofp/libg.a(lib_a-dtoa.o)
                                         0x5a (size before relaxing)
 *fill*         0x000000000800dd8e        0x2 
 .rodata.str1.4
                0x000000000800dd90       0x33 /usr/lib/gcc/arm-none-eabi/9.2.1/../../../arm-none-eabi/lib/thumb/v7-m/nofp/libg.a(lib_a-mprec.o)
                                         0x47 (size before relaxing)
 .rodata.str1.4
                0x000000000800ddc3       0x2f /usr/lib/gcc/arm-none-eabi/9.2.1/../../../arm-none-eabi/lib/thumb/v7-m/nofp/libg.a(lib_a-svfiprintf.o)
 *fill*         0x000000000800ddc3        0x1 
 .rodata.str1.4
                0x000000000800ddc4       0x3f /usr/lib/gcc/arm-none-eabi/9.2.1/../../../arm-none-eabi/lib/thumb/v7-m/nofp/libg.a(lib_a-assert.o)
                                         0x43 (size before relaxing)
 *fill*         0x000000000800de03        0x1 
 .rodata.str1.4
                0x000000000800de04        0xe /usr/lib/gcc/arm-none-eabi/9.2.1/../../../arm-none-eabi/lib/thumb/v7-m/nofp/libg.a(lib_a-locale.o)
                                         0x12 (size before relaxing)
 .rodata.str1.4
                0x000000000800de12       0x2f /usr/lib/gcc/arm-none-eabi/9.2.1/../../../arm-none-eabi/lib/thumb/v7-m/nofp/libg.a(lib_a-vfiprintf.o)
                0x000000000800de44                . = ALIGN (0x4)
 *fill*         0x000000000800de12        0x2 

.ARM.extab      0x000000000800de14       0x24
 *(.ARM.extab* .gnu.linkonce.armextab.*)
 .ARM.extab.text._ZNK8std_msgs4Time9serializeEPh
                0x000000000800de14        0x0 CMakeFiles/ROS_CAR.elf.dir/Core/Src/mainpp.cpp.obj
 .ARM.extab.text._ZN8std_msgs4Time11deserializeEPh
                0x000000000800de14        0x0 CMakeFiles/ROS_CAR.elf.dir/Core/Src/mainpp.cpp.obj
 .ARM.extab.text._ZN8std_msgs4Time7getTypeEv
                0x000000000800de14        0x0 CMakeFiles/ROS_CAR.elf.dir/Core/Src/mainpp.cpp.obj
 .ARM.extab.text._ZN8std_msgs4Time6getMD5Ev
                0x000000000800de14        0x0 CMakeFiles/ROS_CAR.elf.dir/Core/Src/mainpp.cpp.obj
 .ARM.extab.text._ZN14rosserial_msgs9TopicInfo11deserializeEPh
                0x000000000800de14        0x0 CMakeFiles/ROS_CAR.elf.dir/Core/Src/mainpp.cpp.obj
 .ARM.extab.text._ZN14rosserial_msgs9TopicInfo7getTypeEv
                0x000000000800de14        0x0 CMakeFiles/ROS_CAR.elf.dir/Core/Src/mainpp.cpp.obj
 .ARM.extab.text._ZN14rosserial_msgs9TopicInfo6getMD5Ev
                0x000000000800de14        0x0 CMakeFiles/ROS_CAR.elf.dir/Core/Src/mainpp.cpp.obj
 .ARM.extab.text._ZN14rosserial_msgs3Log11deserializeEPh
                0x000000000800de14        0x0 CMakeFiles/ROS_CAR.elf.dir/Core/Src/mainpp.cpp.obj
 .ARM.extab.text._ZN14rosserial_msgs3Log7getTypeEv
                0x000000000800de14        0x0 CMakeFiles/ROS_CAR.elf.dir/Core/Src/mainpp.cpp.obj
 .ARM.extab.text._ZN14rosserial_msgs3Log6getMD5Ev
                0x000000000800de14        0x0 CMakeFiles/ROS_CAR.elf.dir/Core/Src/mainpp.cpp.obj
 .ARM.extab.text._ZN14rosserial_msgs20RequestParamResponse7getTypeEv
                0x000000000800de14        0x0 CMakeFiles/ROS_CAR.elf.dir/Core/Src/mainpp.cpp.obj
 .ARM.extab.text._ZN14rosserial_msgs20RequestParamResponse6getMD5Ev
                0x000000000800de14        0x0 CMakeFiles/ROS_CAR.elf.dir/Core/Src/mainpp.cpp.obj
 .ARM.extab.text._ZN8std_msgs6String11deserializeEPh
                0x000000000800de14        0x0 CMakeFiles/ROS_CAR.elf.dir/Core/Src/mainpp.cpp.obj
 .ARM.extab.text._ZN8std_msgs6String7getTypeEv
                0x000000000800de14        0x0 CMakeFiles/ROS_CAR.elf.dir/Core/Src/mainpp.cpp.obj
 .ARM.extab.text._ZN8std_msgs6String6getMD5Ev
                0x000000000800de14        0x0 CMakeFiles/ROS_CAR.elf.dir/Core/Src/mainpp.cpp.obj
 .ARM.extab.text._ZN3ros10SubscriberIN8std_msgs6StringEE8callbackEPh
                0x000000000800de14        0x0 CMakeFiles/ROS_CAR.elf.dir/Core/Src/mainpp.cpp.obj
 .ARM.extab.text._ZN3ros10SubscriberIN8std_msgs6StringEE15getEndpointTypeEv
                0x000000000800de14        0x0 CMakeFiles/ROS_CAR.elf.dir/Core/Src/mainpp.cpp.obj
 .ARM.extab.text._ZN3ros10SubscriberIN8std_msgs6StringEE10getMsgTypeEv
                0x000000000800de14        0x0 CMakeFiles/ROS_CAR.elf.dir/Core/Src/mainpp.cpp.obj
 .ARM.extab.text._ZN3ros10SubscriberIN8std_msgs6StringEE9getMsgMD5Ev
                0x000000000800de14        0x0 CMakeFiles/ROS_CAR.elf.dir/Core/Src/mainpp.cpp.obj
 .ARM.extab.text._ZN3ros11NodeHandle_I13STM32HardwareLi25ELi25ELi512ELi512EE9connectedEv
                0x000000000800de14        0x0 CMakeFiles/ROS_CAR.elf.dir/Core/Src/mainpp.cpp.obj
 .ARM.extab.text._ZNK14rosserial_msgs9TopicInfo9serializeEPh
                0x000000000800de14        0x0 CMakeFiles/ROS_CAR.elf.dir/Core/Src/mainpp.cpp.obj
 .ARM.extab.text._ZNK14rosserial_msgs3Log9serializeEPh
                0x000000000800de14        0x0 CMakeFiles/ROS_CAR.elf.dir/Core/Src/mainpp.cpp.obj
 .ARM.extab.text._ZNK14rosserial_msgs20RequestParamResponse9serializeEPh
                0x000000000800de14        0x0 CMakeFiles/ROS_CAR.elf.dir/Core/Src/mainpp.cpp.obj
 .ARM.extab.text._ZNK8std_msgs6String9serializeEPh
                0x000000000800de14        0x0 CMakeFiles/ROS_CAR.elf.dir/Core/Src/mainpp.cpp.obj
 .ARM.extab.text._ZN3ros11NodeHandle_I13STM32HardwareLi25ELi25ELi512ELi512EE7publishEiPKNS_3MsgE
                0x000000000800de14        0x0 CMakeFiles/ROS_CAR.elf.dir/Core/Src/mainpp.cpp.obj
 .ARM.extab.text._ZN14rosserial_msgs20RequestParamResponse11deserializeEPh
                0x000000000800de14        0x0 CMakeFiles/ROS_CAR.elf.dir/Core/Src/mainpp.cpp.obj
 .ARM.extab.text._ZN3ros11NodeHandle_I13STM32HardwareLi25ELi25ELi512ELi512EE8spinOnceEv
                0x000000000800de14        0x0 CMakeFiles/ROS_CAR.elf.dir/Core/Src/mainpp.cpp.obj
 .ARM.extab.text.HAL_UART_RxCpltCallback
                0x000000000800de14        0xc CMakeFiles/ROS_CAR.elf.dir/Core/Src/mainpp.cpp.obj
 .ARM.extab     0x000000000800de20       0x18 /usr/lib/gcc/arm-none-eabi/9.2.1/thumb/v7-m/nofp/libgcc.a(pr-support.o)

.ARM            0x000000000800de38      0x138
                0x000000000800de38                __exidx_start = .
 *(.ARM.exidx*)
 .ARM.exidx.text._ZNK8std_msgs4Time9serializeEPh
                0x000000000800def0        0x0 CMakeFiles/ROS_CAR.elf.dir/Core/Src/mainpp.cpp.obj
                                          0x8 (size before relaxing)
 .ARM.exidx.text._ZN8std_msgs4Time11deserializeEPh
                0x000000000800def0        0x0 CMakeFiles/ROS_CAR.elf.dir/Core/Src/mainpp.cpp.obj
                                          0x8 (size before relaxing)
 .ARM.exidx.text._ZN8std_msgs4Time7getTypeEv
                0x000000000800def0        0x0 CMakeFiles/ROS_CAR.elf.dir/Core/Src/mainpp.cpp.obj
                                          0x8 (size before relaxing)
 .ARM.exidx.text._ZN8std_msgs4Time6getMD5Ev
                0x000000000800def0        0x0 CMakeFiles/ROS_CAR.elf.dir/Core/Src/mainpp.cpp.obj
                                          0x8 (size before relaxing)
 .ARM.exidx.text._ZN14rosserial_msgs9TopicInfo11deserializeEPh
                0x000000000800def0        0x0 CMakeFiles/ROS_CAR.elf.dir/Core/Src/mainpp.cpp.obj
                                          0x8 (size before relaxing)
 .ARM.exidx.text._ZN14rosserial_msgs9TopicInfo7getTypeEv
                0x000000000800def0        0x0 CMakeFiles/ROS_CAR.elf.dir/Core/Src/mainpp.cpp.obj
                                          0x8 (size before relaxing)
 .ARM.exidx.text._ZN14rosserial_msgs9TopicInfo6getMD5Ev
                0x000000000800def0        0x0 CMakeFiles/ROS_CAR.elf.dir/Core/Src/mainpp.cpp.obj
                                          0x8 (size before relaxing)
 .ARM.exidx.text._ZN14rosserial_msgs3Log11deserializeEPh
                0x000000000800def0        0x0 CMakeFiles/ROS_CAR.elf.dir/Core/Src/mainpp.cpp.obj
                                          0x8 (size before relaxing)
 .ARM.exidx.text._ZN14rosserial_msgs3Log7getTypeEv
                0x000000000800def0        0x0 CMakeFiles/ROS_CAR.elf.dir/Core/Src/mainpp.cpp.obj
                                          0x8 (size before relaxing)
 .ARM.exidx.text._ZN14rosserial_msgs3Log6getMD5Ev
                0x000000000800def0        0x0 CMakeFiles/ROS_CAR.elf.dir/Core/Src/mainpp.cpp.obj
                                          0x8 (size before relaxing)
 .ARM.exidx.text._ZN14rosserial_msgs20RequestParamResponse7getTypeEv
                0x000000000800def0        0x0 CMakeFiles/ROS_CAR.elf.dir/Core/Src/mainpp.cpp.obj
                                          0x8 (size before relaxing)
 .ARM.exidx.text._ZN14rosserial_msgs20RequestParamResponse6getMD5Ev
                0x000000000800def0        0x0 CMakeFiles/ROS_CAR.elf.dir/Core/Src/mainpp.cpp.obj
                                          0x8 (size before relaxing)
 .ARM.exidx.text._ZN8std_msgs6String11deserializeEPh
                0x000000000800def0        0x0 CMakeFiles/ROS_CAR.elf.dir/Core/Src/mainpp.cpp.obj
                                          0x8 (size before relaxing)
 .ARM.exidx.text._ZN8std_msgs6String7getTypeEv
                0x000000000800def0        0x0 CMakeFiles/ROS_CAR.elf.dir/Core/Src/mainpp.cpp.obj
                                          0x8 (size before relaxing)
 .ARM.exidx.text._ZN8std_msgs6String6getMD5Ev
                0x000000000800def0        0x0 CMakeFiles/ROS_CAR.elf.dir/Core/Src/mainpp.cpp.obj
                                          0x8 (size before relaxing)
 .ARM.exidx.text._Z41__static_initialization_and_destruction_0ii
                0x000000000800def0        0x0 CMakeFiles/ROS_CAR.elf.dir/Core/Src/mainpp.cpp.obj
                                          0x8 (size before relaxing)
 .ARM.exidx.text._ZN3ros10SubscriberIN8std_msgs6StringEE8callbackEPh
                0x000000000800def0        0x8 CMakeFiles/ROS_CAR.elf.dir/Core/Src/mainpp.cpp.obj
 .ARM.exidx.text._ZN3ros10SubscriberIN8std_msgs6StringEE15getEndpointTypeEv
                0x000000000800def8        0x8 CMakeFiles/ROS_CAR.elf.dir/Core/Src/mainpp.cpp.obj
 .ARM.exidx.text._ZN3ros10SubscriberIN8std_msgs6StringEE10getMsgTypeEv
                0x000000000800df00        0x0 CMakeFiles/ROS_CAR.elf.dir/Core/Src/mainpp.cpp.obj
                                          0x8 (size before relaxing)
 .ARM.exidx.text._ZN3ros10SubscriberIN8std_msgs6StringEE9getMsgMD5Ev
                0x000000000800df00        0x0 CMakeFiles/ROS_CAR.elf.dir/Core/Src/mainpp.cpp.obj
                                          0x8 (size before relaxing)
 .ARM.exidx.text._ZN3ros11NodeHandle_I13STM32HardwareLi25ELi25ELi512ELi512EE9connectedEv
                0x000000000800df00        0x0 CMakeFiles/ROS_CAR.elf.dir/Core/Src/mainpp.cpp.obj
                                          0x8 (size before relaxing)
 .ARM.exidx.text._Z16command_callbackRKN8std_msgs6StringE
                0x000000000800df00        0x8 CMakeFiles/ROS_CAR.elf.dir/Core/Src/mainpp.cpp.obj
 .ARM.exidx.text._ZNK14rosserial_msgs9TopicInfo9serializeEPh
                0x000000000800df08        0x8 CMakeFiles/ROS_CAR.elf.dir/Core/Src/mainpp.cpp.obj
 .ARM.exidx.text._ZNK14rosserial_msgs3Log9serializeEPh
                0x000000000800df10        0x0 CMakeFiles/ROS_CAR.elf.dir/Core/Src/mainpp.cpp.obj
                                          0x8 (size before relaxing)
 .ARM.exidx.text._ZNK14rosserial_msgs20RequestParamResponse9serializeEPh
                0x000000000800df10        0x0 CMakeFiles/ROS_CAR.elf.dir/Core/Src/mainpp.cpp.obj
                                          0x8 (size before relaxing)
 .ARM.exidx.text._ZNK8std_msgs6String9serializeEPh
                0x000000000800df10        0x0 CMakeFiles/ROS_CAR.elf.dir/Core/Src/mainpp.cpp.obj
                                          0x8 (size before relaxing)
 .ARM.exidx.text._ZN3ros11NodeHandle_I13STM32HardwareLi25ELi25ELi512ELi512EE7publishEiPKNS_3MsgE
                0x000000000800df10        0x8 CMakeFiles/ROS_CAR.elf.dir/Core/Src/mainpp.cpp.obj
 .ARM.exidx.text._ZN14rosserial_msgs20RequestParamResponse11deserializeEPh
                0x000000000800df18        0x8 CMakeFiles/ROS_CAR.elf.dir/Core/Src/mainpp.cpp.obj
 .ARM.exidx.text._ZN3ros11NodeHandle_I13STM32HardwareLi25ELi25ELi512ELi512EE8spinOnceEv
                0x000000000800df20        0x8 CMakeFiles/ROS_CAR.elf.dir/Core/Src/mainpp.cpp.obj
 .ARM.exidx.text.HAL_UART_TxCpltCallback
                0x000000000800df28        0x8 CMakeFiles/ROS_CAR.elf.dir/Core/Src/mainpp.cpp.obj
 .ARM.exidx.text.HAL_UART_RxCpltCallback
                0x000000000800df30        0x8 CMakeFiles/ROS_CAR.elf.dir/Core/Src/mainpp.cpp.obj
 .ARM.exidx.text.setup
                0x000000000800df38        0x8 CMakeFiles/ROS_CAR.elf.dir/Core/Src/mainpp.cpp.obj
 .ARM.exidx.text.loop
                0x000000000800df40        0x8 CMakeFiles/ROS_CAR.elf.dir/Core/Src/mainpp.cpp.obj
 .ARM.exidx.text._GLOBAL__sub_I_nh
                0x000000000800df48        0x8 CMakeFiles/ROS_CAR.elf.dir/Core/Src/mainpp.cpp.obj
 .ARM.exidx.text._ZN3ros16normalizeSecNSecERmS0_
                0x000000000800df50        0x0 CMakeFiles/ROS_CAR.elf.dir/RosLibs/time.cpp.obj
                                          0x8 (size before relaxing)
 .ARM.exidx.text._ZNK10__cxxabiv117__class_type_info11__do_upcastEPKS0_PPv
                0x000000000800df50        0x8 /usr/lib/gcc/arm-none-eabi/9.2.1/../../../arm-none-eabi/lib/thumb/v7-m/nofp/libstdc++.a(class_type_info.o)
 .ARM.exidx.text._ZNK10__cxxabiv117__class_type_info20__do_find_public_srcEiPKvPKS0_S2_
                0x000000000800df58        0x8 /usr/lib/gcc/arm-none-eabi/9.2.1/../../../arm-none-eabi/lib/thumb/v7-m/nofp/libstdc++.a(class_type_info.o)
 .ARM.exidx.text._ZN10__cxxabiv117__class_type_infoD2Ev
                0x000000000800df60        0x0 /usr/lib/gcc/arm-none-eabi/9.2.1/../../../arm-none-eabi/lib/thumb/v7-m/nofp/libstdc++.a(class_type_info.o)
                                          0x8 (size before relaxing)
 .ARM.exidx.text._ZN10__cxxabiv117__class_type_infoD0Ev
                0x000000000800df60        0x0 /usr/lib/gcc/arm-none-eabi/9.2.1/../../../arm-none-eabi/lib/thumb/v7-m/nofp/libstdc++.a(class_type_info.o)
                                          0x8 (size before relaxing)
 .ARM.exidx.text._ZNK10__cxxabiv117__class_type_info12__do_dyncastEiNS0_10__sub_kindEPKS0_PKvS3_S5_RNS0_16__dyncast_resultE
                0x000000000800df60        0x0 /usr/lib/gcc/arm-none-eabi/9.2.1/../../../arm-none-eabi/lib/thumb/v7-m/nofp/libstdc++.a(class_type_info.o)
                                          0x8 (size before relaxing)
 .ARM.exidx.text._ZNK10__cxxabiv117__class_type_info11__do_upcastEPKS0_PKvRNS0_15__upcast_resultE
                0x000000000800df60        0x0 /usr/lib/gcc/arm-none-eabi/9.2.1/../../../arm-none-eabi/lib/thumb/v7-m/nofp/libstdc++.a(class_type_info.o)
                                          0x8 (size before relaxing)
 .ARM.exidx.text._ZNK10__cxxabiv117__class_type_info10__do_catchEPKSt9type_infoPPvj
                0x000000000800df60        0x0 /usr/lib/gcc/arm-none-eabi/9.2.1/../../../arm-none-eabi/lib/thumb/v7-m/nofp/libstdc++.a(class_type_info.o)
                                          0x8 (size before relaxing)
 .ARM.exidx.text._ZdlPvj
                0x000000000800df60        0x0 /usr/lib/gcc/arm-none-eabi/9.2.1/../../../arm-none-eabi/lib/thumb/v7-m/nofp/libstdc++.a(del_ops.o)
                                          0x8 (size before relaxing)
 .ARM.exidx.text._ZN10__cxxabiv120__si_class_type_infoD2Ev